Component: ARM Compiler 5.06 update 6 (build 750) Tool: armlink [4d35ed]

==============================================================================

Section Cross References

    startup_stm32f405xx.o(STACK) refers (Special) to heapauxi.o(.text) for __use_two_region_memory
    startup_stm32f405xx.o(HEAP) refers (Special) to heapauxi.o(.text) for __use_two_region_memory
    startup_stm32f405xx.o(RESET) refers (Special) to heapauxi.o(.text) for __use_two_region_memory
    startup_stm32f405xx.o(RESET) refers to startup_stm32f405xx.o(STACK) for __initial_sp
    startup_stm32f405xx.o(RESET) refers to startup_stm32f405xx.o(.text) for Reset_Handler
    startup_stm32f405xx.o(RESET) refers to stm32f4xx_it.o(i.NMI_Handler) for NMI_Handler
    startup_stm32f405xx.o(RESET) refers to stm32f4xx_it.o(i.HardFault_Handler) for HardFault_Handler
    startup_stm32f405xx.o(RESET) refers to stm32f4xx_it.o(i.MemManage_Handler) for MemManage_Handler
    startup_stm32f405xx.o(RESET) refers to stm32f4xx_it.o(i.BusFault_Handler) for BusFault_Handler
    startup_stm32f405xx.o(RESET) refers to stm32f4xx_it.o(i.UsageFault_Handler) for UsageFault_Handler
    startup_stm32f405xx.o(RESET) refers to port.o(.emb_text) for SVC_Handler
    startup_stm32f405xx.o(RESET) refers to stm32f4xx_it.o(i.DebugMon_Handler) for DebugMon_Handler
    startup_stm32f405xx.o(RESET) refers to port.o(i.SysTick_Handler) for SysTick_Handler
    startup_stm32f405xx.o(RESET) refers to stm32f4xx_it.o(i.CAN1_RX0_IRQHandler) for CAN1_RX0_IRQHandler
    startup_stm32f405xx.o(RESET) refers to stm32f4xx_it.o(i.EXTI15_10_IRQHandler) for EXTI15_10_IRQHandler
    startup_stm32f405xx.o(RESET) refers to stm32f4xx_it.o(i.TIM8_TRG_COM_TIM14_IRQHandler) for TIM8_TRG_COM_TIM14_IRQHandler
    startup_stm32f405xx.o(RESET) refers to stm32f4xx_it.o(i.DMA2_Stream0_IRQHandler) for DMA2_Stream0_IRQHandler
    startup_stm32f405xx.o(RESET) refers to stm32f4xx_it.o(i.CAN2_RX0_IRQHandler) for CAN2_RX0_IRQHandler
    startup_stm32f405xx.o(.text) refers (Special) to heapauxi.o(.text) for __use_two_region_memory
    startup_stm32f405xx.o(.text) refers to system_stm32f4xx.o(i.SystemInit) for SystemInit
    startup_stm32f405xx.o(.text) refers to __main.o(!!!main) for __main
    startup_stm32f405xx.o(.text) refers to startup_stm32f405xx.o(HEAP) for Heap_Mem
    startup_stm32f405xx.o(.text) refers to startup_stm32f405xx.o(STACK) for Stack_Mem
    main.o(i.HAL_TIM_PeriodElapsedCallback) refers to stm32f4xx_hal.o(i.HAL_IncTick) for HAL_IncTick
    main.o(i._Z18SystemClock_Configv) refers to rt_memclr_w.o(.text) for __aeabi_memclr4
    main.o(i._Z18SystemClock_Configv) refers to stm32f4xx_hal_rcc.o(i.HAL_RCC_OscConfig) for HAL_RCC_OscConfig
    main.o(i._Z18SystemClock_Configv) refers to main.o(i.Error_Handler) for Error_Handler
    main.o(i._Z18SystemClock_Configv) refers to stm32f4xx_hal_rcc.o(i.HAL_RCC_ClockConfig) for HAL_RCC_ClockConfig
    main.o(i.main) refers to stm32f4xx_hal.o(i.HAL_Init) for HAL_Init
    main.o(i.main) refers to main.o(i._Z18SystemClock_Configv) for SystemClock_Config()
    main.o(i.main) refers to gpio.o(i.MX_GPIO_Init) for MX_GPIO_Init
    main.o(i.main) refers to dma.o(i.MX_DMA_Init) for MX_DMA_Init
    main.o(i.main) refers to adc.o(i.MX_ADC1_Init) for MX_ADC1_Init
    main.o(i.main) refers to can.o(i.MX_CAN1_Init) for MX_CAN1_Init
    main.o(i.main) refers to can.o(i.MX_CAN2_Init) for MX_CAN2_Init
    main.o(i.main) refers to spi.o(i.MX_SPI1_Init) for MX_SPI1_Init
    main.o(i.main) refers to tim.o(i.MX_TIM2_Init) for MX_TIM2_Init
    main.o(i.main) refers to tim.o(i.MX_TIM5_Init) for MX_TIM5_Init
    main.o(i.main) refers to freertos.o(i._Z16MX_FREERTOS_Initv) for MX_FREERTOS_Init()
    main.o(i.main) refers to cmsis_os.o(i.osKernelStart) for osKernelStart
    main.o(.ARM.exidx) refers to main.o(i.Error_Handler) for i.Error_Handler
    main.o(.ARM.exidx) refers to main.o(i._Z18SystemClock_Configv) for i._Z18SystemClock_Configv
    main.o(.ARM.exidx) refers to main.o(i.main) for i.main
    main.o(.ARM.exidx) refers to main.o(i.HAL_TIM_PeriodElapsedCallback) for i.HAL_TIM_PeriodElapsedCallback
    gpio.o(i.MX_GPIO_Init) refers to rt_memclr_w.o(.text) for __aeabi_memclr4
    gpio.o(i.MX_GPIO_Init) refers to stm32f4xx_hal_gpio.o(i.HAL_GPIO_WritePin) for HAL_GPIO_WritePin
    gpio.o(i.MX_GPIO_Init) refers to stm32f4xx_hal_gpio.o(i.HAL_GPIO_Init) for HAL_GPIO_Init
    gpio.o(i.MX_GPIO_Init) refers to stm32f4xx_hal_cortex.o(i.HAL_NVIC_SetPriority) for HAL_NVIC_SetPriority
    gpio.o(i.MX_GPIO_Init) refers to stm32f4xx_hal_cortex.o(i.HAL_NVIC_EnableIRQ) for HAL_NVIC_EnableIRQ
    gpio.o(.ARM.exidx) refers to gpio.o(i.MX_GPIO_Init) for i.MX_GPIO_Init
    adc.o(i.HAL_ADC_MspDeInit) refers to stm32f4xx_hal_gpio.o(i.HAL_GPIO_DeInit) for HAL_GPIO_DeInit
    adc.o(i.HAL_ADC_MspDeInit) refers to stm32f4xx_hal_dma.o(i.HAL_DMA_DeInit) for HAL_DMA_DeInit
    adc.o(i.HAL_ADC_MspInit) refers to rt_memclr_w.o(.text) for __aeabi_memclr4
[...]
    DMA2_Stream7_IRQHandler                  0x0800030f   Thumb Code     0  startup_stm32f405xx.o(.text)
    EXTI0_IRQHandler                         0x0800030f   Thumb Code     0  startup_stm32f405xx.o(.text)
    EXTI1_IRQHandler                         0x0800030f   Thumb Code     0  startup_stm32f405xx.o(.text)
    EXTI2_IRQHandler                         0x0800030f   Thumb Code     0  startup_stm32f405xx.o(.text)
    EXTI3_IRQHandler                         0x0800030f   Thumb Code     0  startup_stm32f405xx.o(.text)
    EXTI4_IRQHandler                         0x0800030f   Thumb Code     0  startup_stm32f405xx.o(.text)
    EXTI9_5_IRQHandler                       0x0800030f   Thumb Code     0  startup_stm32f405xx.o(.text)
    FLASH_IRQHandler                         0x0800030f   Thumb Code     0  startup_stm32f405xx.o(.text)
    FMC_IRQHandler                           0x0800030f   Thumb Code     0  startup_stm32f405xx.o(.text)
    FPU_IRQHandler                           0x0800030f   Thumb Code     0  startup_stm32f405xx.o(.text)
    HASH_RNG_IRQHandler                      0x0800030f   Thumb Code     0  startup_stm32f405xx.o(.text)
    I2C1_ER_IRQHandler                       0x0800030f   Thumb Code     0  startup_stm32f405xx.o(.text)
    I2C1_EV_IRQHandler                       0x0800030f   Thumb Code     0  startup_stm32f405xx.o(.text)
    I2C2_ER_IRQHandler                       0x0800030f   Thumb Code     0  startup_stm32f405xx.o(.text)
    I2C2_EV_IRQHandler                       0x0800030f   Thumb Code     0  startup_stm32f405xx.o(.text)
    I2C3_ER_IRQHandler                       0x0800030f   Thumb Code     0  startup_stm32f405xx.o(.text)
    I2C3_EV_IRQHandler                       0x0800030f   Thumb Code     0  startup_stm32f405xx.o(.text)
    OTG_FS_IRQHandler                        0x0800030f   Thumb Code     0  startup_stm32f405xx.o(.text)
    OTG_FS_WKUP_IRQHandler                   0x0800030f   Thumb Code     0  startup_stm32f405xx.o(.text)
    OTG_HS_EP1_IN_IRQHandler                 0x0800030f   Thumb Code     0  startup_stm32f405xx.o(.text)
    OTG_HS_EP1_OUT_IRQHandler                0x0800030f   Thumb Code     0  startup_stm32f405xx.o(.text)
    OTG_HS_IRQHandler                        0x0800030f   Thumb Code     0  startup_stm32f405xx.o(.text)
    OTG_HS_WKUP_IRQHandler                   0x0800030f   Thumb Code     0  startup_stm32f405xx.o(.text)
    PVD_IRQHandler                           0x0800030f   Thumb Code     0  startup_stm32f405xx.o(.text)
    RCC_IRQHandler                           0x0800030f   Thumb Code     0  startup_stm32f405xx.o(.text)
    RTC_Alarm_IRQHandler                     0x0800030f   Thumb Code     0  startup_stm32f405xx.o(.text)
    RTC_WKUP_IRQHandler                      0x0800030f   Thumb Code     0  startup_stm32f405xx.o(.text)
    SDIO_IRQHandler                          0x0800030f   Thumb Code     0  startup_stm32f405xx.o(.text)
    SPI1_IRQHandler                          0x0800030f   Thumb Code     0  startup_stm32f405xx.o(.text)
    SPI2_IRQHandler                          0x0800030f   Thumb Code     0  startup_stm32f405xx.o(.text)
    SPI3_IRQHandler                          0x0800030f   Thumb Code     0  startup_stm32f405xx.o(.text)
    TAMP_STAMP_IRQHandler                    0x0800030f   Thumb Code     0  startup_stm32f405xx.o(.text)
    TIM1_BRK_TIM9_IRQHandler                 0x0800030f   Thumb Code     0  startup_stm32f405xx.o(.text)
    TIM1_CC_IRQHandler                       0x0800030f   Thumb Code     0  startup_stm32f405xx.o(.text)
    TIM1_TRG_COM_TIM11_IRQHandler            0x0800030f   Thumb Code     0  startup_stm32f405xx.o(.text)
    TIM1_UP_TIM10_IRQHandler                 0x0800030f   Thumb Code     0  startup_stm32f405xx.o(.text)
    TIM2_IRQHandler                          0x0800030f   Thumb Code     0  startup_stm32f405xx.o(.text)
    TIM3_IRQHandler                          0x0800030f   Thumb Code     0  startup_stm32f405xx.o(.text)
    TIM4_IRQHandler                          0x0800030f   Thumb Code     0  startup_stm32f405xx.o(.text)
    TIM5_IRQHandler                          0x0800030f   Thumb Code     0  startup_stm32f405xx.o(.text)
    TIM6_DAC_IRQHandler                      0x0800030f   Thumb Code     0  startup_stm32f405xx.o(.text)
    TIM7_IRQHandler                          0x0800030f   Thumb Code     0  startup_stm32f405xx.o(.text)
    TIM8_BRK_TIM12_IRQHandler                0x0800030f   Thumb Code     0  startup_stm32f405xx.o(.text)
    TIM8_CC_IRQHandler                       0x0800030f   Thumb Code     0  startup_stm32f405xx.o(.text)
    TIM8_UP_TIM13_IRQHandler                 0x0800030f   Thumb Code     0  startup_stm32f405xx.o(.text)
    UART4_IRQHandler                         0x0800030f   Thumb Code     0  startup_stm32f405xx.o(.text)
    UART5_IRQHandler                         0x0800030f   Thumb Code     0  startup_stm32f405xx.o(.text)
    USART1_IRQHandler                        0x0800030f   Thumb Code     0  startup_stm32f405xx.o(.text)
    USART2_IRQHandler                        0x0800030f   Thumb Code     0  startup_stm32f405xx.o(.text)
    USART3_IRQHandler                        0x0800030f   Thumb Code     0  startup_stm32f405xx.o(.text)
    USART6_IRQHandler                        0x0800030f   Thumb Code     0  startup_stm32f405xx.o(.text)
    WWDG_IRQHandler                          0x0800030f   Thumb Code     0  startup_stm32f405xx.o(.text)
    __user_initial_stackheap                 0x08000311   Thumb Code     0  startup_stm32f405xx.o(.text)
    __aeabi_uldivmod                         0x08000335   Thumb Code     0  lludivv7m.o(.text)
    _ll_udiv                                 0x08000335   Thumb Code   238  lludivv7m.o(.text)
    __aeabi_memcpy4                          0x08000423   Thumb Code     0  rt_memcpy_w.o(.text)
    __aeabi_memcpy8                          0x08000423   Thumb Code     0  rt_memcpy_w.o(.text)
    __rt_memcpy_w                            0x08000423   Thumb Code   100  rt_memcpy_w.o(.text)
    _memcpy_lastbytes_aligned                0x0800046b   Thumb Code     0  rt_memcpy_w.o(.text)
    __aeabi_memclr                           0x08000487   Thumb Code     0  rt_memclr.o(.text)
    __rt_memclr                              0x08000487   Thumb Code    68  rt_memclr.o(.text)
    _memset                                  0x0800048b   Thumb Code     0  rt_memclr.o(.text)
    __aeabi_memclr4                          0x080004cb   Thumb Code     0  rt_memclr_w.o(.text)
    __aeabi_memclr8                          0x080004cb   Thumb Code     0  rt_memclr_w.o(.text)
    __rt_memclr_w                            0x080004cb   Thumb Code    78  rt_memclr_w.o(.text)
    _memset_w                                0x080004cf   Thumb Code     0  rt_memclr_w.o(.text)
    __use_two_region_memory                  0x08000519   Thumb Code     2  heapauxi.o(.text)
    __rt_heap_escrow                         0x0800051b   Thumb Code     2  heapauxi.o(.text)
    __rt_heap_expand                         0x0800051d   Thumb Code     2  heapauxi.o(.text)
    __cpp_initialize__aeabi_                 0x08000521   Thumb Code    26  init_aeabi.o(.text)
    __rt_new_handler_addr                    0x08000545   Thumb Code     8  rt_new_handler_addr_intlibspace.o(.text)
    malloc                                   0x0800054d   Thumb Code    94  h1_alloc.o(.text)
    __read_errno                             0x080005ab   Thumb Code    10  _rserrno.o(.text)
    __set_errno                              0x080005b5   Thumb Code    12  _rserrno.o(.text)
    __rt_SIGPVFN                             0x080005c1   Thumb Code    14  defsig_pvfn_outer.o(.text)
    __default_new_handler()                  0x080005cf   Thumb Code     4  arm_newhandler_noexceptions.o(.text)
    __user_libspace                          0x080005d5   Thumb Code     8  libspace.o(.text)
    __user_perproc_libspace                  0x080005d5   Thumb Code     0  libspace.o(.text)
    __user_perthread_libspace                0x080005d5   Thumb Code     0  libspace.o(.text)
    __rt_heap_descriptor                     0x080005dd   Thumb Code     8  rt_heap_descriptor_intlibspace.o(.text)
    __aeabi_errno_addr                       0x080005e5   Thumb Code     8  rt_errno_addr_intlibspace.o(.text)
    __errno$intlibspace                      0x080005e5   Thumb Code     0  rt_errno_addr_intlibspace.o(.text)
    __rt_errno_addr$intlibspace              0x080005e5   Thumb Code     0  rt_errno_addr_intlibspace.o(.text)
    __use_no_heap                            0x080005ed   Thumb Code     2  hguard.o(.text)
    __heap$guard                             0x080005ef   Thumb Code     2  hguard.o(.text)
    _terminate_user_alloc                    0x080005f1   Thumb Code     2  init_alloc.o(.text)
    _init_user_alloc                         0x080005f3   Thumb Code     2  init_alloc.o(.text)
    __Heap_Full                              0x080005f5   Thumb Code    34  init_alloc.o(.text)
    __Heap_Broken                            0x08000617   Thumb Code     6  init_alloc.o(.text)
    _init_alloc                              0x0800061d   Thumb Code    94  init_alloc.o(.text)
    __Heap_Initialize                        0x0800067b   Thumb Code    10  h1_init.o(.text)
    __Heap_DescSize                          0x08000685   Thumb Code     4  h1_init.o(.text)
    free                                     0x08000689   Thumb Code    78  h1_free.o(.text)
    __sig_exit                               0x080006d7   Thumb Code    10  defsig_exit.o(.text)
    __rt_SIGPVFN_inner                       0x080006e1   Thumb Code    14  defsig_pvfn_inner.o(.text)
    std::terminate()                         0x08000711   Thumb Code    26  arm_exceptions_terminate.o(.text)
    __cxa_get_globals                        0x08000733   Thumb Code    62  arm_exceptions_globs.o(.text)
    _sys_exit                                0x0800077d   Thumb Code     8  sys_exit.o(.text)
    __user_setup_stackheap                   0x08000789   Thumb Code    74  sys_stackheap_outer.o(.text)
    __rt_eh_globals_addr                     0x080007d5   Thumb Code     8  rt_eh_globals_addr_intlibspace.o(.text)
    __Heap_ProvideMemory                     0x080007dd   Thumb Code    52  h1_extend.o(.text)
    exit                                     0x08000811   Thumb Code    18  exit.o(.text)
    abort                                    0x08000823   Thumb Code    22  abort.o(.text)
    __default_signal_display                 0x08000839   Thumb Code    50  defsig_general.o(.text)
    __rt_SIGRTMEM                            0x0800086b   Thumb Code    14  defsig_rtmem_outer.o(.text)
    __ARM_exceptions_buffer_init             0x08000879   Thumb Code    18  arm_exceptions_mem.o(.text)
    __ARM_exceptions_buffer_allocate         0x0800088b   Thumb Code    22  arm_exceptions_mem.o(.text)
    __ARM_exceptions_buffer_free             0x080008a1   Thumb Code    20  arm_exceptions_mem.o(.text)
    _ttywrch                                 0x080008b5   Thumb Code    14  sys_wrch.o(.text)
    __I$use$semihosting                      0x080008c3   Thumb Code     0  use_no_semi.o(.text)
    __use_no_semihosting_swi                 0x080008c3   Thumb Code     2  use_no_semi.o(.text)
    __rt_SIGABRT                             0x080008c5   Thumb Code    14  defsig_abrt_outer.o(.text)
    __semihosting_library_function           0x080008c5   Thumb Code     0  indicate_semi.o(.text)
    __rt_SIGRTMEM_inner                      0x080008d5   Thumb Code    22  defsig_rtmem_inner.o(.text)
    __rt_SIGABRT_inner                       0x08000925   Thumb Code    14  defsig_abrt_inner.o(.text)
    BusFault_Handler                         0x08000955   Thumb Code     4  stm32f4xx_it.o(i.BusFault_Handler)
    CAN1_RX0_IRQHandler                      0x08000959   Thumb Code    10  stm32f4xx_it.o(i.CAN1_RX0_IRQHandler)
    CAN2_RX0_IRQHandler                      0x08000969   Thumb Code    10  stm32f4xx_it.o(i.CAN2_RX0_IRQHandler)
    DMA2_Stream0_IRQHandler                  0x08000979   Thumb Code    10  stm32f4xx_it.o(i.DMA2_Stream0_IRQHandler)
    DebugMon_Handler                         0x08000989   Thumb Code     2  stm32f4xx_it.o(i.DebugMon_Handler)
    EXTI15_10_IRQHandler                     0x0800098b   Thumb Code    28  stm32f4xx_it.o(i.EXTI15_10_IRQHandler)
    Error_Handler                            0x080009a7   Thumb Code     2  main.o(i.Error_Handler)
    HAL_ADC_ConfigChannel                    0x080009a9   Thumb Code   380  stm32f4xx_hal_adc.o(i.HAL_ADC_ConfigChannel)
    HAL_ADC_ConvCpltCallback                 0x08000b35   Thumb Code   442  bsp_adc_deal.o(i.HAL_ADC_ConvCpltCallback)
    HAL_ADC_ConvHalfCpltCallback             0x08000d31   Thumb Code     2  stm32f4xx_hal_adc.o(i.HAL_ADC_ConvHalfCpltCallback)
    HAL_ADC_ErrorCallback                    0x08000d33   Thumb Code     2  stm32f4xx_hal_adc.o(i.HAL_ADC_ErrorCallback)
    HAL_ADC_Init                             0x08000d35   Thumb Code   100  stm32f4xx_hal_adc.o(i.HAL_ADC_Init)
    HAL_ADC_MspInit                          0x08000d9d   Thumb Code   176  adc.o(i.HAL_ADC_MspInit)
    HAL_ADC_Start_DMA                        0x08000e61   Thumb Code   352  stm32f4xx_hal_adc.o(i.HAL_ADC_Start_DMA)
    HAL_CAN_ActivateNotification             0x08000fe5   Thumb Code    42  stm32f4xx_hal_can.o(i.HAL_CAN_ActivateNotification)
    HAL_CAN_AddTxMessage                     0x0800100f   Thumb Code   342  stm32f4xx_hal_can.o(i.HAL_CAN_AddTxMessage)
    HAL_CAN_ConfigFilter                     0x08001165   Thumb Code   286  stm32f4xx_hal_can.o(i.HAL_CAN_ConfigFilter)
    HAL_CAN_ErrorCallback                    0x08001289   Thumb Code     2  stm32f4xx_hal_can.o(i.HAL_CAN_ErrorCallback)
    HAL_CAN_GetRxMessage                     0x0800128b   Thumb Code   380  stm32f4xx_hal_can.o(i.HAL_CAN_GetRxMessage)
    HAL_CAN_IRQHandler                       0x08001407   Thumb Code   590  stm32f4xx_hal_can.o(i.HAL_CAN_IRQHandler)
    HAL_CAN_Init                             0x08001655   Thumb Code   372  stm32f4xx_hal_can.o(i.HAL_CAN_Init)
    HAL_CAN_MspInit                          0x080017c9   Thumb Code   332  can.o(i.HAL_CAN_MspInit)
    HAL_CAN_RxFifo0FullCallback              0x0800192d   Thumb Code     2  stm32f4xx_hal_can.o(i.HAL_CAN_RxFifo0FullCallback)
    HAL_CAN_RxFifo0MsgPendingCallback        0x08001931   Thumb Code    66  app_my_can.o(i.HAL_CAN_RxFifo0MsgPendingCallback)
    HAL_CAN_RxFifo1FullCallback              0x08001981   Thumb Code     2  stm32f4xx_hal_can.o(i.HAL_CAN_RxFifo1FullCallback)
    HAL_CAN_RxFifo1MsgPendingCallback        0x08001983   Thumb Code     2  stm32f4xx_hal_can.o(i.HAL_CAN_RxFifo1MsgPendingCallback)
    HAL_CAN_SleepCallback                    0x08001985   Thumb Code     2  stm32f4xx_hal_can.o(i.HAL_CAN_SleepCallback)
    HAL_CAN_Start                            0x08001987   Thumb Code    94  stm32f4xx_hal_can.o(i.HAL_CAN_Start)
    HAL_CAN_TxMailbox0AbortCallback          0x080019e5   Thumb Code     2  stm32f4xx_hal_can.o(i.HAL_CAN_TxMailbox0AbortCallback)
    HAL_CAN_TxMailbox0CompleteCallback       0x080019e7   Thumb Code     2  stm32f4xx_hal_can.o(i.HAL_CAN_TxMailbox0CompleteCallback)
    HAL_CAN_TxMailbox1AbortCallback          0x080019e9   Thumb Code     2  stm32f4xx_hal_can.o(i.HAL_CAN_TxMailbox1AbortCallback)
    HAL_CAN_TxMailbox1CompleteCallback       0x080019eb   Thumb Code     2  stm32f4xx_hal_can.o(i.HAL_CAN_TxMailbox1CompleteCallback)
    HAL_CAN_TxMailbox2AbortCallback          0x080019ed   Thumb Code     2  stm32f4xx_hal_can.o(i.HAL_CAN_TxMailbox2AbortCallback)
    HAL_CAN_TxMailbox2CompleteCallback       0x080019ef   Thumb Code     2  stm32f4xx_hal_can.o(i.HAL_CAN_TxMailbox2CompleteCallback)
    HAL_CAN_WakeUpFromRxMsgCallback          0x080019f1   Thumb Code     2  stm32f4xx_hal_can.o(i.HAL_CAN_WakeUpFromRxMsgCallback)
    HAL_DMA_IRQHandler                       0x080019f5   Thumb Code   570  stm32f4xx_hal_dma.o(i.HAL_DMA_IRQHandler)
    HAL_DMA_Init                             0x08001c35   Thumb Code   232  stm32f4xx_hal_dma.o(i.HAL_DMA_Init)
    HAL_DMA_Start_IT                         0x08001d21   Thumb Code   158  stm32f4xx_hal_dma.o(i.HAL_DMA_Start_IT)
    HAL_GPIO_EXTI_Callback                   0x08001dc1   Thumb Code    96  app_car.o(i.HAL_GPIO_EXTI_Callback)
    HAL_GPIO_EXTI_IRQHandler                 0x08001e2d   Thumb Code    24  stm32f4xx_hal_gpio.o(i.HAL_GPIO_EXTI_IRQHandler)
    HAL_GPIO_Init                            0x08001e49   Thumb Code   466  stm32f4xx_hal_gpio.o(i.HAL_GPIO_Init)
    HAL_GPIO_ReadPin                         0x08002049   Thumb Code    16  stm32f4xx_hal_gpio.o(i.HAL_GPIO_ReadPin)
    HAL_GPIO_WritePin                        0x08002059   Thumb Code    12  stm32f4xx_hal_gpio.o(i.HAL_GPIO_WritePin)
    HAL_GetTick                              0x08002065   Thumb Code     6  stm32f4xx_hal.o(i.HAL_GetTick)
    HAL_IncTick                              0x08002071   Thumb Code    16  stm32f4xx_hal.o(i.HAL_IncTick)
    HAL_Init                                 0x08002089   Thumb Code    54  stm32f4xx_hal.o(i.HAL_Init)
    HAL_InitTick                             0x080020c5   Thumb Code   122  stm32f4xx_hal_timebase_tim.o(i.HAL_InitTick)
    HAL_MspInit                              0x08002151   Thumb Code    78  stm32f4xx_hal_msp.o(i.HAL_MspInit)
    HAL_NVIC_EnableIRQ                       0x080021a5   Thumb Code    32  stm32f4xx_hal_cortex.o(i.HAL_NVIC_EnableIRQ)
    HAL_NVIC_SetPriority                     0x080021c5   Thumb Code   124  stm32f4xx_hal_cortex.o(i.HAL_NVIC_SetPriority)
    HAL_NVIC_SetPriorityGrouping             0x08002241   Thumb Code    32  stm32f4xx_hal_cortex.o(i.HAL_NVIC_SetPriorityGrouping)
    HAL_RCC_ClockConfig                      0x08002269   Thumb Code   366  stm32f4xx_hal_rcc.o(i.HAL_RCC_ClockConfig)
    HAL_RCC_GetClockConfig                   0x080023e9   Thumb Code    58  stm32f4xx_hal_rcc.o(i.HAL_RCC_GetClockConfig)
    HAL_RCC_GetHCLKFreq                      0x0800242d   Thumb Code     6  stm32f4xx_hal_rcc.o(i.HAL_RCC_GetHCLKFreq)
    HAL_RCC_GetPCLK1Freq                     0x08002439   Thumb Code    22  stm32f4xx_hal_rcc.o(i.HAL_RCC_GetPCLK1Freq)
    HAL_RCC_GetSysClockFreq                  0x08002459   Thumb Code   162  stm32f4xx_hal_rcc.o(i.HAL_RCC_GetSysClockFreq)
    HAL_RCC_OscConfig                        0x08002509   Thumb Code  1086  stm32f4xx_hal_rcc.o(i.HAL_RCC_OscConfig)
    HAL_SPI_Init                             0x08002951   Thumb Code   140  stm32f4xx_hal_spi.o(i.HAL_SPI_Init)
    HAL_SPI_MspInit                          0x080029dd   Thumb Code   122  spi.o(i.HAL_SPI_MspInit)
    HAL_TIMEx_BreakCallback                  0x08002a65   Thumb Code     2  stm32f4xx_hal_tim_ex.o(i.HAL_TIMEx_BreakCallback)
    HAL_TIMEx_CommutCallback                 0x08002a67   Thumb Code     2  stm32f4xx_hal_tim_ex.o(i.HAL_TIMEx_CommutCallback)
    HAL_TIMEx_MasterConfigSynchronization    0x08002a69   Thumb Code    84  stm32f4xx_hal_tim_ex.o(i.HAL_TIMEx_MasterConfigSynchronization)
    HAL_TIM_Base_Init                        0x08002abd   Thumb Code    52  stm32f4xx_hal_tim.o(i.HAL_TIM_Base_Init)
    HAL_TIM_Base_MspInit                     0x08002af1   Thumb Code     2  stm32f4xx_hal_tim.o(i.HAL_TIM_Base_MspInit)
    HAL_TIM_Base_Start_IT                    0x08002af3   Thumb Code    42  stm32f4xx_hal_tim.o(i.HAL_TIM_Base_Start_IT)
    HAL_TIM_IC_CaptureCallback               0x08002b1d   Thumb Code     2  stm32f4xx_hal_tim.o(i.HAL_TIM_IC_CaptureCallback)
    HAL_TIM_IRQHandler                       0x08002b1f   Thumb Code   406  stm32f4xx_hal_tim.o(i.HAL_TIM_IRQHandler)
    HAL_TIM_MspPostInit                      0x08002cb5   Thumb Code   152  tim.o(i.HAL_TIM_MspPostInit)
    HAL_TIM_OC_DelayElapsedCallback          0x08002d59   Thumb Code     2  stm32f4xx_hal_tim.o(i.HAL_TIM_OC_DelayElapsedCallback)
    HAL_TIM_PWM_ConfigChannel                0x08002d5b   Thumb Code   264  stm32f4xx_hal_tim.o(i.HAL_TIM_PWM_ConfigChannel)
    HAL_TIM_PWM_Init                         0x08002e63   Thumb Code    52  stm32f4xx_hal_tim.o(i.HAL_TIM_PWM_Init)
    HAL_TIM_PWM_MspInit                      0x08002e99   Thumb Code    84  tim.o(i.HAL_TIM_PWM_MspInit)
    HAL_TIM_PWM_PulseFinishedCallback        0x08002ef5   Thumb Code     2  stm32f4xx_hal_tim.o(i.HAL_TIM_PWM_PulseFinishedCallback)
    HAL_TIM_PeriodElapsedCallback            0x08002ef9   Thumb Code    18  main.o(i.HAL_TIM_PeriodElapsedCallback)
    HAL_TIM_TriggerCallback                  0x08002f11   Thumb Code     2  stm32f4xx_hal_tim.o(i.HAL_TIM_TriggerCallback)
    HardFault_Handler                        0x08002f13   Thumb Code     4  stm32f4xx_it.o(i.HardFault_Handler)
    MX_ADC1_Init                             0x08002f19   Thumb Code   168  adc.o(i.MX_ADC1_Init)
    MX_CAN1_Init                             0x08002fcd   Thumb Code    62  can.o(i.MX_CAN1_Init)
    MX_CAN2_Init                             0x08003015   Thumb Code    62  can.o(i.MX_CAN2_Init)
    MX_DMA_Init                              0x0800305d   Thumb Code    52  dma.o(i.MX_DMA_Init)
    MX_GPIO_Init                             0x08003095   Thumb Code   296  gpio.o(i.MX_GPIO_Init)
    MX_SPI1_Init                             0x080031d1   Thumb Code    58  spi.o(i.MX_SPI1_Init)
    MX_TIM2_Init                             0x08003215   Thumb Code   148  tim.o(i.MX_TIM2_Init)
    MX_TIM5_Init                             0x080032ad   Thumb Code   108  tim.o(i.MX_TIM5_Init)
    MemManage_Handler                        0x08003321   Thumb Code     4  stm32f4xx_it.o(i.MemManage_Handler)
    NMI_Handler                              0x08003325   Thumb Code     2  stm32f4xx_it.o(i.NMI_Handler)
    SysTick_Handler                          0x08003329   Thumb Code    46  port.o(i.SysTick_Handler)
    SystemInit                               0x0800335d   Thumb Code    82  system_stm32f4xx.o(i.SystemInit)
    TIM8_TRG_COM_TIM14_IRQHandler            0x080033c1   Thumb Code    10  stm32f4xx_it.o(i.TIM8_TRG_COM_TIM14_IRQHandler)
    TIM_Base_SetConfig                       0x080033d1   Thumb Code   170  stm32f4xx_hal_tim.o(i.TIM_Base_SetConfig)
    TIM_OC2_SetConfig                        0x080034a9   Thumb Code   114  stm32f4xx_hal_tim.o(i.TIM_OC2_SetConfig)
    UsageFault_Handler                       0x08003525   Thumb Code     4  stm32f4xx_it.o(i.UsageFault_Handler)
    bsp_can_Init()                           0x08003529   Thumb Code    98  bsp_can.o(i._Z12bsp_can_Initv)
    mid_sum_filter(unsigned short*, unsigned short) 0x08003595   Thumb Code   102  bsp_adc_deal.o(i._Z14mid_sum_filterPtt)
    Caisson_TakeTask(const void*)            0x08003601   Thumb Code    36  task_auto.o(i._Z16Caisson_TakeTaskPKv)
    MX_FREERTOS_Init()                       0x08003631   Thumb Code    30  freertos.o(i._Z16MX_FREERTOS_Initv)
    SystemClock_Config()                     0x08003659   Thumb Code   170  main.o(i._Z18SystemClock_Configv)
    bsp_ADC_Sensor_Init()                    0x0800370d   Thumb Code    16  bsp_adc_deal.o(i._Z19bsp_ADC_Sensor_Initv)
    bsp_can_Sendmessage(__CAN_HandleTypeDef*, short, short*) 0x08003725   Thumb Code    98  bsp_can.o(i._Z19bsp_can_SendmessageP19__CAN_HandleTypeDefsPs)
    CaissonTake_FirstRow(unsigned char)      0x08003789   Thumb Code   150  task_auto.o(i._Z20CaissonTake_FirstRowh)
    CaissonTake_SecondRow(unsigned char)     0x08003829   Thumb Code   176  task_auto.o(i._Z21CaissonTake_SecondRowh)
    Master_Order_Caculate(unsigned char*)    0x080038e1   Thumb Code    58  app_my_can.o(i._Z21Master_Order_CaculatePh)
    Master_Order_Caculate(short*)            0x08003921   Thumb Code   862  app_car.o(i._Z21Master_Order_CaculatePs)
    get_4ch(unsigned short*, unsigned short*, int, unsigned char) 0x08003cbd   Thumb Code    36  bsp_adc_deal.o(i._Z7get_4chPtS_ih)
    MainTask(const void*)                    0x08003ce1   Thumb Code    70  task_main.o(i._Z8MainTaskPKv)
    MotorInit()                              0x08003d3d   Thumb Code    94  app_car.o(i._Z9MotorInitv)
    block_type::Block_Init(unsigned short, unsigned short, float) 0x08003db1   Thumb Code    10  bsp_motor.o(i._ZN10block_type10Block_InitEttf)
    block_type::Block_Check()                0x08003dbb   Thumb Code   176  bsp_motor.o(i._ZN10block_type11Block_CheckEv)
    block_type::Clear_BlockFlag()            0x08003e6b   Thumb Code    10  bsp_motor.o(i._ZN10block_type15Clear_BlockFlagEv)
    block_type::block_type(short&, float&)   0x08003e75   Thumb Code    12  bsp_motor.o(i._ZN10block_typeC1ERsRf)
    block_type::block_type__sub_object(short&, float&) 0x08003e75   Thumb Code     0  bsp_motor.o(i._ZN10block_typeC1ERsRf)
    pid::pid_run(float)                      0x08003e81   Thumb Code   376  bsp_motor.o(i._ZN3pid7pid_runEf)
    pid::pid(float, float, float, float, float, unsigned short, unsigned short, unsigned short) 0x08003ffd   Thumb Code    74  bsp_motor.o(i._ZN3pidC1Efffffttt)
    pid::pid__sub_object(float, float, float, float, float, unsigned short, unsigned short, unsigned short) 0x08003ffd   Thumb Code     0  bsp_motor.o(i._ZN3pidC1Efffffttt)
    motor::Position_Run()                    0x080044d5   Thumb Code    56  bsp_motor.o(i._ZN5motor12Position_RunEv)
    motor::InsertCurrent()                   0x0800450d   Thumb Code    62  bsp_motor.o(i._ZN5motor13InsertCurrentEv)
    motor::Handle()                          0x08004555   Thumb Code    88  bsp_motor.o(i._ZN5motor6HandleEv)
    motor::update(unsigned char*)            0x080045b1   Thumb Code   114  bsp_motor.o(i._ZN5motor6updateEPh)
    motor::Safe_Set()                        0x08004629   Thumb Code    30  bsp_motor.o(i._ZN5motor8Safe_SetEv)
    motor::Speed_Run()                       0x08004649   Thumb Code   146  bsp_motor.o(i._ZN5motor9Speed_RunEv)
    motor::motor(unsigned char, unsigned short, str_Motor_t*, pid*, pid*) 0x080046e5   Thumb Code    92  bsp_motor.o(i._ZN5motorC1EhtP11str_Motor_tP3pidS3_)
    motor::motor__sub_object(unsigned char, unsigned short, str_Motor_t*, pid*, pid*) 0x080046e5   Thumb Code     0  bsp_motor.o(i._ZN5motorC1EhtP11str_Motor_tP3pidS3_)
    chassis::Handle()                        0x0800474d   Thumb Code   342  bsp_motor.o(i._ZN7chassis6HandleEv)
    manager::UserProcess()                   0x080048b9   Thumb Code     2  bsp_motor.o(i._ZN7manager11UserProcessEv)
    manager::CANSend()                       0x080048bd   Thumb Code   442  bsp_motor.o(i._ZN7manager7CANSendEv)
    manager::CANSelect(__CAN_HandleTypeDef*, __CAN_HandleTypeDef*) 0x08004a9d   Thumb Code    10  bsp_motor.o(i._ZN7manager9CANSelectEP19__CAN_HandleTypeDefS1_)
    manager::CANUpdate(__CAN_HandleTypeDef*, CAN_RxHeaderTypeDef*, unsigned char*) 0x08004ab1   Thumb Code   126  bsp_motor.o(i._ZN7manager9CANUpdateEP19__CAN_HandleTypeDefP19CAN_RxHeaderTypeDefPh)
    manager::manager__sub_object()           0x08004b41   Thumb Code    10  bsp_motor.o(i._ZN7managerC2Ev)
    softmotor::Enable_Block(unsigned short, unsigned short, unsigned short) 0x08004b51   Thumb Code    76  bsp_motor.o(i._ZN9softmotor12Enable_BlockEttt)
    softmotor::Position_Run()                0x08004b9d   Thumb Code   114  bsp_motor.o(i._ZN9softmotor12Position_RunEv)
    softmotor::Limit(float, float)           0x08004c0f   Thumb Code    10  bsp_motor.o(i._ZN9softmotor5LimitEff)
    softmotor::update(unsigned char*)        0x08004c19   Thumb Code   270  bsp_motor.o(i._ZN9softmotor6updateEPh)
    softmotor::Angle_Set(float)              0x08004d3d   Thumb Code   126  bsp_motor.o(i._ZN9softmotor9Angle_SetEf)
    operator new(unsigned)                   0x08004dc1   Thumb Code    34  new.o(i._Znwj)
    __ARM_fpclassify                         0x08004de9   Thumb Code    48  fpclassify.o(i.__ARM_fpclassify)
    __cxa_pure_virtual                       0x08004e19   Thumb Code     6  pure_virt.o(i.__cxa_pure_virtual)
    __hardfp_pow                             0x08004e21   Thumb Code  3072  pow.o(i.__hardfp_pow)
    __kernel_poly                            0x08005a71   Thumb Code   248  poly.o(i.__kernel_poly)
    __mathlib_dbl_divzero                    0x08005b69   Thumb Code    28  dunder.o(i.__mathlib_dbl_divzero)
    __mathlib_dbl_infnan2                    0x08005b99   Thumb Code    20  dunder.o(i.__mathlib_dbl_infnan2)
    __mathlib_dbl_invalid                    0x08005bb1   Thumb Code    24  dunder.o(i.__mathlib_dbl_invalid)
    __mathlib_dbl_overflow                   0x08005bd1   Thumb Code    24  dunder.o(i.__mathlib_dbl_overflow)
    __mathlib_dbl_underflow                  0x08005bf1   Thumb Code    24  dunder.o(i.__mathlib_dbl_underflow)
    fabs                                     0x08005cdd   Thumb Code    24  fabs.o(i.fabs)
    main                                     0x08005cf5   Thumb Code    52  main.o(i.main)
    osDelay                                  0x08005d37   Thumb Code    24  cmsis_os.o(i.osDelay)
    osKernelStart                            0x08005d4f   Thumb Code    10  cmsis_os.o(i.osKernelStart)
    osThreadCreate                           0x08005d59   Thumb Code    48  cmsis_os.o(i.osThreadCreate)
    pvPortMalloc                             0x080061c5   Thumb Code   296  heap_4.o(i.pvPortMalloc)
    pxPortInitialiseStack                    0x08006301   Thumb Code    38  port.o(i.pxPortInitialiseStack)
    sqrt                                     0x0800632d   Thumb Code   110  sqrt.o(i.sqrt)
    uxListRemove                             0x0800639b   Thumb Code    40  list.o(i.uxListRemove)
    vListInitialise                          0x080063c3   Thumb Code    26  list.o(i.vListInitialise)
    vListInitialiseItem                      0x080063dd   Thumb Code     6  list.o(i.vListInitialiseItem)
    vListInsert                              0x080063e3   Thumb Code    52  list.o(i.vListInsert)
    vListInsertEnd                           0x08006417   Thumb Code    24  list.o(i.vListInsertEnd)
    vPortEnterCritical                       0x08006431   Thumb Code    76  port.o(i.vPortEnterCritical)
    vPortExitCritical                        0x08006485   Thumb Code    56  port.o(i.vPortExitCritical)
    vPortFree                                0x080064c1   Thumb Code   140  heap_4.o(i.vPortFree)
    vPortSetupTimerInterrupt                 0x08006555   Thumb Code    36  port.o(i.vPortSetupTimerInterrupt)
    vTaskDelay                               0x0800657d   Thumb Code    82  tasks.o(i.vTaskDelay)
    vTaskDelayUntil                          0x080065d9   Thumb Code   200  tasks.o(i.vTaskDelayUntil)
    vTaskStartScheduler                      0x080066ad   Thumb Code   108  tasks.o(i.vTaskStartScheduler)
    vTaskSuspendAll                          0x08006735   Thumb Code    12  tasks.o(i.vTaskSuspendAll)
    vTaskSwitchContext                       0x08006745   Thumb Code   118  tasks.o(i.vTaskSwitchContext)
    xPortStartScheduler                      0x080067d1   Thumb Code   330  port.o(i.xPortStartScheduler)
    xTaskCreate                              0x08006939   Thumb Code    96  tasks.o(i.xTaskCreate)
    xTaskGetTickCount                        0x08006999   Thumb Code     6  tasks.o(i.xTaskGetTickCount)
    xTaskIncrementTick                       0x080069a5   Thumb Code   282  tasks.o(i.xTaskIncrementTick)
    xTaskResumeAll                           0x08006aed   Thumb Code   224  tasks.o(i.xTaskResumeAll)
    __aeabi_dneg                             0x08006bf1   Thumb Code     0  basic.o(x$fpl$basic)
    _dneg                                    0x08006bf1   Thumb Code     6  basic.o(x$fpl$basic)
    __aeabi_fneg                             0x08006bf7   Thumb Code     0  basic.o(x$fpl$basic)
    _fneg                                    0x08006bf7   Thumb Code     6  basic.o(x$fpl$basic)
    _dabs                                    0x08006bfd   Thumb Code     6  basic.o(x$fpl$basic)
    _fabs                                    0x08006c03   Thumb Code     6  basic.o(x$fpl$basic)
    __aeabi_d2f                              0x08006c09   Thumb Code     0  d2f.o(x$fpl$d2f)
    _d2f                                     0x08006c09   Thumb Code    98  d2f.o(x$fpl$d2f)
    __aeabi_dadd                             0x08006c6d   Thumb Code     0  daddsub_clz.o(x$fpl$dadd)
    _dadd                                    0x08006c6d   Thumb Code   332  daddsub_clz.o(x$fpl$dadd)
    __fpl_dcheck_NaN1                        0x08006dbd   Thumb Code    10  dcheck1.o(x$fpl$dcheck1)
    __fpl_dcmp_Inf                           0x08006dcd   Thumb Code    24  dcmpi.o(x$fpl$dcmpinf)
    __aeabi_ddiv                             0x08006de5   Thumb Code     0  ddiv.o(x$fpl$ddiv)
    _ddiv                                    0x08006de5   Thumb Code   552  ddiv.o(x$fpl$ddiv)
    __aeabi_i2d                              0x08007095   Thumb Code     0  dflt_clz.o(x$fpl$dflt)
    _dflt                                    0x08007095   Thumb Code    46  dflt_clz.o(x$fpl$dflt)
    __aeabi_ui2d                             0x080070c3   Thumb Code     0  dflt_clz.o(x$fpl$dfltu)
    _dfltu                                   0x080070c3   Thumb Code    38  dflt_clz.o(x$fpl$dfltu)
    __aeabi_cdcmple                          0x080070e9   Thumb Code     0  dleqf.o(x$fpl$dleqf)
    _dcmple                                  0x080070e9   Thumb Code   120  dleqf.o(x$fpl$dleqf)
    __fpl_dcmple_InfNaN                      0x0800714b   Thumb Code     0  dleqf.o(x$fpl$dleqf)
    __aeabi_dmul                             0x08007161   Thumb Code     0  dmul.o(x$fpl$dmul)
    _dmul                                    0x08007161   Thumb Code   332  dmul.o(x$fpl$dmul)
    __fpl_dnaninf                            0x080072b5   Thumb Code   156  dnaninf.o(x$fpl$dnaninf)
    __fpl_dretinf                            0x08007351   Thumb Code    12  dretinf.o(x$fpl$dretinf)
    __aeabi_cdrcmple                         0x0800735d   Thumb Code     0  drleqf.o(x$fpl$drleqf)
    _drcmple                                 0x0800735d   Thumb Code   108  drleqf.o(x$fpl$drleqf)
    __aeabi_drsub                            0x080073c9   Thumb Code     0  daddsub_clz.o(x$fpl$drsb)
    _drsb                                    0x080073c9   Thumb Code    22  daddsub_clz.o(x$fpl$drsb)
    _dsqrt                                   0x080073e1   Thumb Code   404  dsqrt_umaal.o(x$fpl$dsqrt)
    __aeabi_dsub                             0x08007579   Thumb Code     0  daddsub_clz.o(x$fpl$dsub)
    _dsub                                    0x08007579   Thumb Code   464  daddsub_clz.o(x$fpl$dsub)
    __aeabi_f2d                              0x0800774d   Thumb Code     0  f2d.o(x$fpl$f2d)
    _f2d                                     0x0800774d   Thumb Code    86  f2d.o(x$fpl$f2d)
    __fpl_fnaninf                            0x080077a3   Thumb Code   140  fnaninf.o(x$fpl$fnaninf)
    _fp_init                                 0x0800782f   Thumb Code    10  fpinit.o(x$fpl$fpinit)
    __fplib_config_fpu_vfp                   0x08007837   Thumb Code     0  fpinit.o(x$fpl$fpinit)
    __fplib_config_pureend_doubles           0x08007837   Thumb Code     0  fpinit.o(x$fpl$fpinit)
    __fpl_fretinf                            0x08007839   Thumb Code    10  fretinf.o(x$fpl$fretinf)
    __fpl_return_NaN                         0x08007843   Thumb Code   100  retnan.o(x$fpl$retnan)
    __ARM_scalbn                             0x080078a7   Thumb Code    92  scalbn.o(x$fpl$scalbn)
    __fpl_cmpreturn                          0x08007903   Thumb Code    48  trapv.o(x$fpl$trapveneer)
    __I$use$fp                               0x08007932   Number         0  usenofp.o(x$fpl$usenofp)
    AHBPrescTable                            0x08007950   Data          16  system_stm32f4xx.o(.constdata)
    APBPrescTable                            0x08007960   Data           8  system_stm32f4xx.o(.constdata)
    __mathlib_zero                           0x08007a08   Data           8  qnan.o(.constdata)
    vtable for motor                         0x08007a10   Data          36  bsp_motor.o(.constdata__ZTV5motor)
    vtable for manager                       0x08007a34   Data          20  bsp_motor.o(.constdata__ZTV7manager)
    vtable for softmotor                     0x08007a48   Data          36  bsp_motor.o(.constdata__ZTV9softmotor)
    Region$$Table$$Base                      0x08007a8c   Number         0  anon$$obj.o(Region$$Table)
    Region$$Table$$Limit                     0x08007aac   Number         0  anon$$obj.o(Region$$Table)
    SHT$$INIT_ARRAY$$Base                    0x08007aac   Number         0  app_car.o(.init_array)
    SHT$$INIT_ARRAY$$Limit                   0x08007ab0   Number         0  init_aeabi.o(.init_array)
    defaultTaskHandle                        0x20000004   Data           4  freertos.o(.data)
    uwTick                                   0x20000008   Data           4  stm32f4xx_hal.o(.data)
    uwTickPrio                               0x2000000c   Data           4  stm32f4xx_hal.o(.data)
    uwTickFreq                               0x20000010   Data           1  stm32f4xx_hal.o(.data)
    SystemCoreClock                          0x20000014   Data           4  system_stm32f4xx.o(.data)
    pxCurrentTCB                             0x20000018   Data           4  tasks.o(.data)
    ADC1_adjust_offset                       0x20000078   Data           4  bsp_adc_deal.o(.data)
    ADC1_ch_offset                           0x2000007c   Data           8  bsp_adc_deal.o(.data)
    bsp_Final_ADC1_Volage                    0x20000084   Data           8  bsp_adc_deal.o(.data)
    Error_Code                               0x2000008c   Data           1  bsp_motor.o(.data)
    manager::CAN1_OnlineID                   0x2000008e   Data           2  bsp_motor.o(.data)
    manager::CAN2_OnlineID                   0x20000090   Data           2  bsp_motor.o(.data)
    manager::CanHandle1                      0x20000094   Data           4  bsp_motor.o(.data)
    manager::CanHandle2                      0x20000098   Data           4  bsp_motor.o(.data)
    chassis::point                           0x2000009c   Data           4  bsp_motor.o(.data)
    DJI_Motor_3508                           0x200000a8   Data           4  app_car.o(.data)
    Slaver_Feedback                          0x200000ac   Data           8  app_car.o(.data)
    Flag1                                    0x200000b4   Data           1  app_car.o(.data)
    Omron                                    0x200000b5   Data           4  app_car.o(.data)
    Claw_motor_Origin                        0x200000bc   Data           4  app_car.o(.data)
    Claw_TargetAngle                         0x200000c0   Data           4  app_car.o(.data)
    Claw_L_Lim                               0x200000c4   Data           4  app_car.o(.data)
    Claw_R_Lim                               0x200000c8   Data           4  app_car.o(.data)
    app_car_ClawTake_Flag1                   0x200000cc   Data           1  app_car.o(.data)
    app_car_ClawTake_Flag2                   0x200000cd   Data           1  app_car.o(.data)
    Master_Order                             0x200000ce   Data           8  app_my_can.o(.data)
    data                                     0x200000d6   Data           8  app_my_can.o(.data)
    hadc1                                    0x200000e0   Data          72  adc.o(.bss)
    hdma_adc1                                0x20000128   Data          96  adc.o(.bss)
    hcan1                                    0x20000188   Data          40  can.o(.bss)
    hcan2                                    0x200001b0   Data          40  can.o(.bss)
    hspi1                                    0x200001d8   Data          88  spi.o(.bss)
    htim2                                    0x20000230   Data          64  tim.o(.bss)
    htim5                                    0x20000270   Data          64  tim.o(.bss)
    htim14                                   0x200002b0   Data          64  stm32f4xx_hal_timebase_tim.o(.bss)
    bsp_ADC1_Value                           0x20003fe0   Data         800  bsp_adc_deal.o(.bss)
    ADC1_ch1_value                           0x20004300   Data         200  bsp_adc_deal.o(.bss)
    ADC1_ch2_value                           0x200043c8   Data         200  bsp_adc_deal.o(.bss)
    ADC1_ch3_value                           0x20004490   Data         200  bsp_adc_deal.o(.bss)
    ADC1_ch4_value                           0x20004558   Data         200  bsp_adc_deal.o(.bss)
    ADC1_fixed_ch                            0x20004620   Data          16  bsp_adc_deal.o(.bss)
    ADC1_que                                 0x20004630   Data         160  bsp_adc_deal.o(.bss)
    ADC1_ch_sum                              0x200046d0   Data          16  bsp_adc_deal.o(.bss)
    bsp_ADC1_Sharp_Distance                  0x200046e0   Data          16  bsp_adc_deal.o(.bss)
    manager::CAN1MotorList                   0x200046f0   Data          44  bsp_motor.o(.bss)
    manager::CAN1CurrentList                 0x2000471c   Data          22  bsp_motor.o(.bss)
    manager::CAN2MotorList                   0x20004734   Data          44  bsp_motor.o(.bss)
    manager::CAN2CurrentList                 0x20004760   Data          22  bsp_motor.o(.bss)
    app_car_Claw_pid_In                      0x20004778   Data         104  app_car.o(.bss)
    app_car_Claw_pid_Out                     0x200047e0   Data         104  app_car.o(.bss)
    app_car_Claw_motor                       0x20004848   Data          84  app_car.o(.bss)
    RxHead                                   0x2000489c   Data          28  app_my_can.o(.bss)
    __libspace_start                         0x200048b8   Data          96  libspace.o(.bss)
    __temporary_stack_top$libspace           0x20004918   Data           0  libspace.o(.bss)



==============================================================================

Memory Map of the image

  Image Entry point : 0x08000189

  Load Region LR_IROM1 (Base: 0x08000000, Size: 0x00007b90, Max: 0x00100000, ABSOLUTE)

    Execution Region ER_IROM1 (Exec base: 0x08000000, Load base: 0x08000000, Size: 0x00007ab0, Max: 0x00100000, ABSOLUTE)

    Exec Addr    Load Addr    Size         Type   Attr      Idx    E Section Name        Object

    0x08000000   0x08000000   0x00000188   Data   RO            3    RESET               startup_stm32f405xx.o
    0x08000188   0x08000188   0x00000008   Code   RO         6466  * !!!main             c_w.l(__main.o)
    0x08000190   0x08000190   0x00000034   Code   RO         7108    !!!scatter          c_w.l(__scatter.o)
    0x080001c4   0x080001c4   0x0000001a   Code   RO         7110    !!handler_copy      c_w.l(__scatter_copy.o)
    0x080001de   0x080001de   0x00000002   PAD
    0x080001e0   0x080001e0   0x0000001c   Code   RO         7112    !!handler_zi        c_w.l(__scatter_zi.o)
    0x080001fc   0x080001fc   0x00000002   Code   RO         7023    .ARM.Collect$$libinit$$00000000  c_w.l(libinit.o)
    0x080001fe   0x080001fe   0x00000004   Code   RO         6721    .ARM.Collect$$libinit$$00000001  c_w.l(libinit2.o)
    0x08000202   0x08000202   0x00000000   Code   RO         6724    .ARM.Collect$$libinit$$00000004  c_w.l(libinit2.o)
    0x08000202   0x08000202   0x00000008   Code   RO         6725    .ARM.Collect$$libinit$$00000005  c_w.l(libinit2.o)
    0x0800020a   0x0800020a   0x00000000   Code   RO         6727    .ARM.Collect$$libinit$$0000000A  c_w.l(libinit2.o)
    0x0800020a   0x0800020a   0x00000000   Code   RO         6729    .ARM.Collect$$libinit$$0000000C  c_w.l(libinit2.o)
    0x0800020a   0x0800020a   0x00000000   Code   RO         6731    .ARM.Collect$$libinit$$0000000E  c_w.l(libinit2.o)
    0x0800020a   0x0800020a   0x00000000   Code   RO         6734    .ARM.Collect$$libinit$$00000011  c_w.l(libinit2.o)
    0x0800020a   0x0800020a   0x00000000   Code   RO         6736    .ARM.Collect$$libinit$$00000013  c_w.l(libinit2.o)
    0x0800020a   0x0800020a   0x00000000   Code   RO         6738    .ARM.Collect$$libinit$$00000015  c_w.l(libinit2.o)
    0x0800020a   0x0800020a   0x00000000   Code   RO         6740    .ARM.Collect$$libinit$$00000017  c_w.l(libinit2.o)
    0x0800020a   0x0800020a   0x00000000   Code   RO         6742    .ARM.Collect$$libinit$$00000019  c_w.l(libinit2.o)
    0x0800020a   0x0800020a   0x00000000   Code   RO         6744    .ARM.Collect$$libinit$$0000001B  c_w.l(libinit2.o)
    0x0800020a   0x0800020a   0x00000000   Code   RO         6746    .ARM.Collect$$libinit$$0000001D  c_w.l(libinit2.o)
    0x0800020a   0x0800020a   0x00000000   Code   RO         6748    .ARM.Collect$$libinit$$0000001F  c_w.l(libinit2.o)
    0x0800020a   0x0800020a   0x00000000   Code   RO         6750    .ARM.Collect$$libinit$$00000021  c_w.l(libinit2.o)
    0x0800020a   0x0800020a   0x00000000   Code   RO         6752    .ARM.Collect$$libinit$$00000023  c_w.l(libinit2.o)
    0x0800020a   0x0800020a   0x00000000   Code   RO         6754    .ARM.Collect$$libinit$$00000025  c_w.l(libinit2.o)
    0x0800020a   0x0800020a   0x00000000   Code   RO         6758    .ARM.Collect$$libinit$$0000002C  c_w.l(libinit2.o)
    0x0800020a   0x0800020a   0x00000000   Code   RO         6760    .ARM.Collect$$libinit$$0000002E  c_w.l(libinit2.o)
    0x0800020a   0x0800020a   0x00000000   Code   RO         6762    .ARM.Collect$$libinit$$00000030  c_w.l(libinit2.o)
    0x0800020a   0x0800020a   0x00000004   Code   RO         6763    .ARM.Collect$$libinit$$00000031  c_w.l(libinit2.o)
    0x0800020e   0x0800020e   0x00000000   Code   RO         6764    .ARM.Collect$$libinit$$00000032  c_w.l(libinit2.o)
    0x0800020e   0x0800020e   0x00000002   Code   RO         6765    .ARM.Collect$$libinit$$00000033  c_w.l(libinit2.o)
    0x08000210   0x08000210   0x00000002   Code   RO         7105    .ARM.Collect$$libshutdown$$00000000  c_w.l(libshutdown.o)
    0x08000212   0x08000212   0x00000000   Code   RO         7088    .ARM.Collect$$libshutdown$$00000002  c_w.l(libshutdown2.o)
    0x08000212   0x08000212   0x00000000   Code   RO         7090    .ARM.Collect$$libshutdown$$00000004  c_w.l(libshutdown2.o)
    0x08000212   0x08000212   0x00000000   Code   RO         7093    .ARM.Collect$$libshutdown$$00000007  c_w.l(libshutdown2.o)
    0x08000212   0x08000212   0x00000000   Code   RO         7096    .ARM.Collect$$libshutdown$$0000000A  c_w.l(libshutdown2.o)
    0x08000212   0x08000212   0x00000000   Code   RO         7098    .ARM.Collect$$libshutdown$$0000000C  c_w.l(libshutdown2.o)
    0x08000212   0x08000212   0x00000000   Code   RO         7101    .ARM.Collect$$libshutdown$$0000000F  c_w.l(libshutdown2.o)
    0x08000212   0x08000212   0x00000002   Code   RO         7102    .ARM.Collect$$libshutdown$$00000010  c_w.l(libshutdown2.o)
    0x08000214   0x08000214   0x00000000   Code   RO         6649    .ARM.Collect$$rtentry$$00000000  c_w.l(__rtentry.o)
    0x08000214   0x08000214   0x00000000   Code   RO         6874    .ARM.Collect$$rtentry$$00000002  c_w.l(__rtentry2.o)
    0x08000214   0x08000214   0x00000006   Code   RO         6886    .ARM.Collect$$rtentry$$00000004  c_w.l(__rtentry4.o)
    0x0800021a   0x0800021a   0x00000000   Code   RO         6876    .ARM.Collect$$rtentry$$00000009  c_w.l(__rtentry2.o)
    0x0800021a   0x0800021a   0x00000004   Code   RO         6877    .ARM.Collect$$rtentry$$0000000A  c_w.l(__rtentry2.o)
    0x0800021e   0x0800021e   0x00000000   Code   RO         6879    .ARM.Collect$$rtentry$$0000000C  c_w.l(__rtentry2.o)
    0x0800021e   0x0800021e   0x00000008   Code   RO         6880    .ARM.Collect$$rtentry$$0000000D  c_w.l(__rtentry2.o)
    0x08000226   0x08000226   0x00000002   Code   RO         7046    .ARM.Collect$$rtexit$$00000000  c_w.l(rtexit.o)
    0x08000228   0x08000228   0x00000000   Code   RO         7065    .ARM.Collect$$rtexit$$00000002  c_w.l(rtexit2.o)
    0x08000228   0x08000228   0x00000004   Code   RO         7066    .ARM.Collect$$rtexit$$00000003  c_w.l(rtexit2.o)
    0x0800022c   0x0800022c   0x00000006   Code   RO         7067    .ARM.Collect$$rtexit$$00000004  c_w.l(rtexit2.o)
    0x08000232   0x08000232   0x00000002   PAD
    0x08000234   0x08000234   0x000000be   Code   RO         5434    .emb_text           port.o
    0x080002f2   0x080002f2   0x00000002   PAD
    0x080002f4   0x080002f4   0x00000000   Code   RO         6989    .emb_text           c_w.l(maybetermalloc1.o)
    0x080002f4   0x080002f4   0x00000040   Code   RO            4    .text               startup_stm32f405xx.o
    0x08000334   0x08000334   0x000000ee   Code   RO         6452    .text               c_w.l(lludivv7m.o)
    0x08000422   0x08000422   0x00000064   Code   RO         6456    .text               c_w.l(rt_memcpy_w.o)
    0x08000486   0x08000486   0x00000044   Code   RO         6460    .text               c_w.l(rt_memclr.o)
    0x080004ca   0x080004ca   0x0000004e   Code   RO         6462    .text               c_w.l(rt_memclr_w.o)
    0x08000518   0x08000518   0x00000006   Code   RO         6464    .text               c_w.l(heapauxi.o)
    0x0800051e   0x0800051e   0x00000002   PAD
    0x08000520   0x08000520   0x00000024   Code   RO         6471    .text               c_w.l(init_aeabi.o)
    0x08000544   0x08000544   0x00000008   Code   RO         6657    .text               c_w.l(rt_new_handler_addr_intlibspace.o)
    0x0800054c   0x0800054c   0x0000005e   Code   RO         6661    .text               c_w.l(h1_alloc.o)
    0x080005aa   0x080005aa   0x00000016   Code   RO         6715    .text               c_w.l(_rserrno.o)
    0x080005c0   0x080005c0   0x0000000e   Code   RO         6717    .text               c_w.l(defsig_pvfn_outer.o)
    0x080005ce   0x080005ce   0x00000004   Code   RO         6769    .text               cpprt_w.l(arm_newhandler_noexceptions.o)
    0x080005d2   0x080005d2   0x00000002   PAD
    0x080005d4   0x080005d4   0x00000008   Code   RO         6868    .text               c_w.l(libspace.o)
    0x080005dc   0x080005dc   0x00000008   Code   RO         6895    .text               c_w.l(rt_heap_descriptor_intlibspace.o)
    0x080005e4   0x080005e4   0x00000008   Code   RO         6900    .text               c_w.l(rt_errno_addr_intlibspace.o)
    0x080005ec   0x080005ec   0x00000004   Code   RO         6902    .text               c_w.l(hguard.o)
    0x080005f0   0x080005f0   0x0000008a   Code   RO         6904    .text               c_w.l(init_alloc.o)
    0x0800067a   0x0800067a   0x0000000e   Code   RO         6910    .text               c_w.l(h1_init.o)
    0x08000688   0x08000688   0x0000004e   Code   RO         6912    .text               c_w.l(h1_free.o)
    0x080006d6   0x080006d6   0x0000000a   Code   RO         6928    .text               c_w.l(defsig_exit.o)
    0x080006e0   0x080006e0   0x00000030   Code   RO         6930    .text               c_w.l(defsig_pvfn_inner.o)
    0x08000710   0x08000710   0x0000001a   Code   RO         6955    .text               cpprt_w.l(arm_exceptions_terminate.o)
    0x0800072a   0x0800072a   0x00000002   PAD
    0x0800072c   0x0800072c   0x00000050   Code   RO         6962    .text               cpprt_w.l(arm_exceptions_globs.o)
    0x0800077c   0x0800077c   0x0000000c   Code   RO         6978    .text               c_w.l(sys_exit.o)
    0x08000788   0x08000788   0x0000004a   Code   RO         6980    .text               c_w.l(sys_stackheap_outer.o)
    0x080007d2   0x080007d2   0x00000002   PAD
    0x080007d4   0x080007d4   0x00000008   Code   RO         6985    .text               c_w.l(rt_eh_globals_addr_intlibspace.o)
    0x080007dc   0x080007dc   0x00000034   Code   RO         6991    .text               c_w.l(h1_extend.o)
    0x08000810   0x08000810   0x00000012   Code   RO         6995    .text               c_w.l(exit.o)
    0x08000822   0x08000822   0x00000016   Code   RO         6997    .text               c_w.l(abort.o)
    0x08000838   0x08000838   0x00000032   Code   RO         7001    .text               c_w.l(defsig_general.o)
    0x0800086a   0x0800086a   0x0000000e   Code   RO         7007    .text               c_w.l(defsig_rtmem_outer.o)
    0x08000878   0x08000878   0x0000003c   Code   RO         7027    .text               cpprt_w.l(arm_exceptions_mem.o)
    0x080008b4   0x080008b4   0x0000000e   Code   RO         7041    .text               c_w.l(sys_wrch.o)
    0x080008c2   0x080008c2   0x00000002   Code   RO         7043    .text               c_w.l(use_no_semi.o)
    0x080008c4   0x080008c4   0x00000000   Code   RO         7045    .text               c_w.l(indicate_semi.o)
    0x080008c4   0x080008c4   0x0000000e   Code   RO         7052    .text               c_w.l(defsig_abrt_outer.o)
    0x080008d2   0x080008d2   0x00000002   PAD
    0x080008d4   0x080008d4   0x00000050   Code   RO         7058    .text               c_w.l(defsig_rtmem_inner.o)
    0x08000924   0x08000924   0x00000030   Code   RO         7075    .text               c_w.l(defsig_abrt_inner.o)
    0x08000954   0x08000954   0x00000004   Code   RO          593    i.BusFault_Handler  stm32f4xx_it.o
    0x08000958   0x08000958   0x00000010   Code   RO          594    i.CAN1_RX0_IRQHandler  stm32f4xx_it.o
    0x08000968   0x08000968   0x00000010   Code   RO          595    i.CAN2_RX0_IRQHandler  stm32f4xx_it.o
    0x08000978   0x08000978   0x00000010   Code   RO          596    i.DMA2_Stream0_IRQHandler  stm32f4xx_it.o
    0x08000988   0x08000988   0x00000002   Code   RO          597    i.DebugMon_Handler  stm32f4xx_it.o
    0x0800098a   0x0800098a   0x0000001c   Code   RO          598    i.EXTI15_10_IRQHandler  stm32f4xx_it.o
    0x080009a6   0x080009a6   0x00000002   Code   RO           13    i.Error_Handler     main.o
    0x080009a8   0x080009a8   0x0000018c   Code   RO          775    i.HAL_ADC_ConfigChannel  stm32f4xx_hal_adc.o
    0x08000b34   0x08000b34   0x000001fc   Code   RO         5514    i.HAL_ADC_ConvCpltCallback  bsp_adc_deal.o
    0x08000d30   0x08000d30   0x00000002   Code   RO          777    i.HAL_ADC_ConvHalfCpltCallback  stm32f4xx_hal_adc.o
    0x08000d32   0x08000d32   0x00000002   Code   RO          779    i.HAL_ADC_ErrorCallback  stm32f4xx_hal_adc.o
    0x08000d34   0x08000d34   0x00000068   Code   RO          784    i.HAL_ADC_Init      stm32f4xx_hal_adc.o
    0x08000d9c   0x08000d9c   0x000000c4   Code   RO          322    i.HAL_ADC_MspInit   adc.o
    0x08000e60   0x08000e60   0x00000184   Code   RO          791    i.HAL_ADC_Start_DMA  stm32f4xx_hal_adc.o
    0x08000fe4   0x08000fe4   0x0000002a   Code   RO         1091    i.HAL_CAN_ActivateNotification  stm32f4xx_hal_can.o
    0x0800100e   0x0800100e   0x00000156   Code   RO         1092    i.HAL_CAN_AddTxMessage  stm32f4xx_hal_can.o
    0x08001164   0x08001164   0x00000124   Code   RO         1093    i.HAL_CAN_ConfigFilter  stm32f4xx_hal_can.o
    0x08001288   0x08001288   0x00000002   Code   RO         1096    i.HAL_CAN_ErrorCallback  stm32f4xx_hal_can.o
    0x0800128a   0x0800128a   0x0000017c   Code   RO         1099    i.HAL_CAN_GetRxMessage  stm32f4xx_hal_can.o
    0x08001406   0x08001406   0x0000024e   Code   RO         1103    i.HAL_CAN_IRQHandler  stm32f4xx_hal_can.o
    0x08001654   0x08001654   0x00000174   Code   RO         1104    i.HAL_CAN_Init      stm32f4xx_hal_can.o
    0x080017c8   0x080017c8   0x00000164   Code   RO          367    i.HAL_CAN_MspInit   can.o
    0x0800192c   0x0800192c   0x00000002   Code   RO         1111    i.HAL_CAN_RxFifo0FullCallback  stm32f4xx_hal_can.o
    0x0800192e   0x0800192e   0x00000002   PAD
    0x08001930   0x08001930   0x00000050   Code   RO         6414    i.HAL_CAN_RxFifo0MsgPendingCallback  app_my_can.o
    0x08001980   0x08001980   0x00000002   Code   RO         1113    i.HAL_CAN_RxFifo1FullCallback  stm32f4xx_hal_can.o
    0x08001982   0x08001982   0x00000002   Code   RO         1114    i.HAL_CAN_RxFifo1MsgPendingCallback  stm32f4xx_hal_can.o
    0x08001984   0x08001984   0x00000002   Code   RO         1115    i.HAL_CAN_SleepCallback  stm32f4xx_hal_can.o
    0x08001986   0x08001986   0x0000005e   Code   RO         1116    i.HAL_CAN_Start     stm32f4xx_hal_can.o
    0x080019e4   0x080019e4   0x00000002   Code   RO         1118    i.HAL_CAN_TxMailbox0AbortCallback  stm32f4xx_hal_can.o
    0x080019e6   0x080019e6   0x00000002   Code   RO         1119    i.HAL_CAN_TxMailbox0CompleteCallback  stm32f4xx_hal_can.o
    0x080019e8   0x080019e8   0x00000002   Code   RO         1120    i.HAL_CAN_TxMailbox1AbortCallback  stm32f4xx_hal_can.o
    0x080019ea   0x080019ea   0x00000002   Code   RO         1121    i.HAL_CAN_TxMailbox1CompleteCallback  stm32f4xx_hal_can.o
    0x080019ec   0x080019ec   0x00000002   Code   RO         1122    i.HAL_CAN_TxMailbox2AbortCallback  stm32f4xx_hal_can.o
    0x080019ee   0x080019ee   0x00000002   Code   RO         1123    i.HAL_CAN_TxMailbox2CompleteCallback  stm32f4xx_hal_can.o
    0x080019f0   0x080019f0   0x00000002   Code   RO         1125    i.HAL_CAN_WakeUpFromRxMsgCallback  stm32f4xx_hal_can.o
    0x080019f2   0x080019f2   0x00000002   PAD
    0x080019f4   0x080019f4   0x00000240   Code   RO         3403    i.HAL_DMA_IRQHandler  stm32f4xx_hal_dma.o
    0x08001c34   0x08001c34   0x000000ec   Code   RO         3404    i.HAL_DMA_Init      stm32f4xx_hal_dma.o
    0x08001d20   0x08001d20   0x0000009e   Code   RO         3407    i.HAL_DMA_Start_IT  stm32f4xx_hal_dma.o
    0x08001dbe   0x08001dbe   0x00000002   PAD
    0x08001dc0   0x08001dc0   0x0000006c   Code   RO         6350    i.HAL_GPIO_EXTI_Callback  app_car.o
    0x08001e2c   0x08001e2c   0x0000001c   Code   RO         3281    i.HAL_GPIO_EXTI_IRQHandler  stm32f4xx_hal_gpio.o
    0x08001e48   0x08001e48   0x00000200   Code   RO         3282    i.HAL_GPIO_Init     stm32f4xx_hal_gpio.o
    0x08002048   0x08002048   0x00000010   Code   RO         3284    i.HAL_GPIO_ReadPin  stm32f4xx_hal_gpio.o
    0x08002058   0x08002058   0x0000000c   Code   RO         3286    i.HAL_GPIO_WritePin  stm32f4xx_hal_gpio.o
    0x08002064   0x08002064   0x0000000c   Code   RO         3889    i.HAL_GetTick       stm32f4xx_hal.o
    0x08002070   0x08002070   0x00000018   Code   RO         3895    i.HAL_IncTick       stm32f4xx_hal.o
    0x08002088   0x08002088   0x0000003c   Code   RO         3896    i.HAL_Init          stm32f4xx_hal.o
    0x080020c4   0x080020c4   0x0000008c   Code   RO          732    i.HAL_InitTick      stm32f4xx_hal_timebase_tim.o
    0x08002150   0x08002150   0x00000054   Code   RO          707    i.HAL_MspInit       stm32f4xx_hal_msp.o
    0x080021a4   0x080021a4   0x00000020   Code   RO         3721    i.HAL_NVIC_EnableIRQ  stm32f4xx_hal_cortex.o
    0x080021c4   0x080021c4   0x0000007c   Code   RO         3727    i.HAL_NVIC_SetPriority  stm32f4xx_hal_cortex.o
    0x08002240   0x08002240   0x00000028   Code   RO         3728    i.HAL_NVIC_SetPriorityGrouping  stm32f4xx_hal_cortex.o
    0x08002268   0x08002268   0x00000180   Code   RO         2830    i.HAL_RCC_ClockConfig  stm32f4xx_hal_rcc.o
    0x080023e8   0x080023e8   0x00000044   Code   RO         2834    i.HAL_RCC_GetClockConfig  stm32f4xx_hal_rcc.o
    0x0800242c   0x0800242c   0x0000000c   Code   RO         2835    i.HAL_RCC_GetHCLKFreq  stm32f4xx_hal_rcc.o
    0x08002438   0x08002438   0x00000020   Code   RO         2837    i.HAL_RCC_GetPCLK1Freq  stm32f4xx_hal_rcc.o
    0x08002458   0x08002458   0x000000b0   Code   RO         2839    i.HAL_RCC_GetSysClockFreq  stm32f4xx_hal_rcc.o
    0x08002508   0x08002508   0x00000448   Code   RO         2842    i.HAL_RCC_OscConfig  stm32f4xx_hal_rcc.o
    0x08002950   0x08002950   0x0000008c   Code   RO         1371    i.HAL_SPI_Init      stm32f4xx_hal_spi.o
    0x080029dc   0x080029dc   0x00000088   Code   RO          490    i.HAL_SPI_MspInit   spi.o
    0x08002a64   0x08002a64   0x00000002   Code   RO         2539    i.HAL_TIMEx_BreakCallback  stm32f4xx_hal_tim_ex.o
    0x08002a66   0x08002a66   0x00000002   Code   RO         2540    i.HAL_TIMEx_CommutCallback  stm32f4xx_hal_tim_ex.o
    0x08002a68   0x08002a68   0x00000054   Code   RO         2557    i.HAL_TIMEx_MasterConfigSynchronization  stm32f4xx_hal_tim_ex.o
    0x08002abc   0x08002abc   0x00000034   Code   RO         1739    i.HAL_TIM_Base_Init  stm32f4xx_hal_tim.o
    0x08002af0   0x08002af0   0x00000002   Code   RO         1741    i.HAL_TIM_Base_MspInit  stm32f4xx_hal_tim.o
    0x08002af2   0x08002af2   0x0000002a   Code   RO         1744    i.HAL_TIM_Base_Start_IT  stm32f4xx_hal_tim.o
    0x08002b1c   0x08002b1c   0x00000002   Code   RO         1768    i.HAL_TIM_IC_CaptureCallback  stm32f4xx_hal_tim.o
    0x08002b1e   0x08002b1e   0x00000196   Code   RO         1782    i.HAL_TIM_IRQHandler  stm32f4xx_hal_tim.o
    0x08002cb4   0x08002cb4   0x000000a4   Code   RO          534    i.HAL_TIM_MspPostInit  tim.o
    0x08002d58   0x08002d58   0x00000002   Code   RO         1785    i.HAL_TIM_OC_DelayElapsedCallback  stm32f4xx_hal_tim.o
    0x08002d5a   0x08002d5a   0x00000108   Code   RO         1806    i.HAL_TIM_PWM_ConfigChannel  stm32f4xx_hal_tim.o
    0x08002e62   0x08002e62   0x00000034   Code   RO         1809    i.HAL_TIM_PWM_Init  stm32f4xx_hal_tim.o
    0x08002e96   0x08002e96   0x00000002   PAD
    0x08002e98   0x08002e98   0x0000005c   Code   RO          536    i.HAL_TIM_PWM_MspInit  tim.o
    0x08002ef4   0x08002ef4   0x00000002   Code   RO         1812    i.HAL_TIM_PWM_PulseFinishedCallback  stm32f4xx_hal_tim.o
    0x08002ef6   0x08002ef6   0x00000002   PAD
    0x08002ef8   0x08002ef8   0x00000018   Code   RO           14    i.HAL_TIM_PeriodElapsedCallback  main.o
    0x08002f10   0x08002f10   0x00000002   Code   RO         1825    i.HAL_TIM_TriggerCallback  stm32f4xx_hal_tim.o
    0x08002f12   0x08002f12   0x00000004   Code   RO          599    i.HardFault_Handler  stm32f4xx_it.o
    0x08002f16   0x08002f16   0x00000002   PAD
    0x08002f18   0x08002f18   0x000000b4   Code   RO          323    i.MX_ADC1_Init      adc.o
    0x08002fcc   0x08002fcc   0x00000048   Code   RO          368    i.MX_CAN1_Init      can.o
    0x08003014   0x08003014   0x00000048   Code   RO          369    i.MX_CAN2_Init      can.o
    0x0800305c   0x0800305c   0x00000038   Code   RO          419    i.MX_DMA_Init       dma.o
    0x08003094   0x08003094   0x0000013c   Code   RO          228    i.MX_GPIO_Init      gpio.o
    0x080031d0   0x080031d0   0x00000044   Code   RO          491    i.MX_SPI1_Init      spi.o
    0x08003214   0x08003214   0x00000098   Code   RO          537    i.MX_TIM2_Init      tim.o
    0x080032ac   0x080032ac   0x00000074   Code   RO          538    i.MX_TIM5_Init      tim.o
    0x08003320   0x08003320   0x00000004   Code   RO          600    i.MemManage_Handler  stm32f4xx_it.o
    0x08003324   0x08003324   0x00000002   Code   RO          601    i.NMI_Handler       stm32f4xx_it.o
    0x08003326   0x08003326   0x00000002   PAD
    0x08003328   0x08003328   0x00000034   Code   RO         5435    i.SysTick_Handler   port.o
    0x0800335c   0x0800335c   0x00000064   Code   RO         4168    i.SystemInit        system_stm32f4xx.o
    0x080033c0   0x080033c0   0x00000010   Code   RO          602    i.TIM8_TRG_COM_TIM14_IRQHandler  stm32f4xx_it.o
    0x080033d0   0x080033d0   0x000000d8   Code   RO         1827    i.TIM_Base_SetConfig  stm32f4xx_hal_tim.o
    0x080034a8   0x080034a8   0x0000007c   Code   RO         1835    i.TIM_OC2_SetConfig  stm32f4xx_hal_tim.o
    0x08003524   0x08003524   0x00000004   Code   RO          603    i.UsageFault_Handler  stm32f4xx_it.o
    0x08003528   0x08003528   0x0000006c   Code   RO         6093    i._Z12bsp_can_Initv  bsp_can.o
    0x08003594   0x08003594   0x0000006c   Code   RO         5515    i._Z14mid_sum_filterPtt  bsp_adc_deal.o
    0x08003600   0x08003600   0x00000030   Code   RO         6128    i._Z16Caisson_TakeTaskPKv  task_auto.o
    0x08003630   0x08003630   0x00000028   Code   RO          444    i._Z16MX_FREERTOS_Initv  freertos.o
    0x08003658   0x08003658   0x000000b4   Code   RO           15    i._Z18SystemClock_Configv  main.o
    0x0800370c   0x0800370c   0x00000018   Code   RO         5516    i._Z19bsp_ADC_Sensor_Initv  bsp_adc_deal.o
    0x08003724   0x08003724   0x00000062   Code   RO         6094    i._Z19bsp_can_SendmessageP19__CAN_HandleTypeDefsPs  bsp_can.o
    0x08003786   0x08003786   0x00000002   PAD
    0x08003788   0x08003788   0x000000a0   Code   RO         6129    i._Z20CaissonTake_FirstRowh  task_auto.o
    0x08003828   0x08003828   0x000000b8   Code   RO         6130    i._Z21CaissonTake_SecondRowh  task_auto.o
    0x080038e0   0x080038e0   0x00000040   Code   RO         6415    i._Z21Master_Order_CaculatePh  app_my_can.o
    0x08003920   0x08003920   0x0000039c   Code   RO         6351    i._Z21Master_Order_CaculatePs  app_car.o
    0x08003cbc   0x08003cbc   0x00000024   Code   RO         5517    i._Z7get_4chPtS_ih  bsp_adc_deal.o
    0x08003ce0   0x08003ce0   0x0000005c   Code   RO         6273    i._Z8MainTaskPKv    task_main.o
    0x08003d3c   0x08003d3c   0x00000074   Code   RO         6352    i._Z9MotorInitv     app_car.o
    0x08003db0   0x08003db0   0x0000000a   Code   RO         5576    i._ZN10block_type10Block_InitEttf  bsp_motor.o
    0x08003dba   0x08003dba   0x000000b0   Code   RO         5577    i._ZN10block_type11Block_CheckEv  bsp_motor.o
    0x08003e6a   0x08003e6a   0x0000000a   Code   RO         5578    i._ZN10block_type15Clear_BlockFlagEv  bsp_motor.o
    0x08003e74   0x08003e74   0x0000000c   Code   RO         5970    i._ZN10block_typeC1ERsRf  bsp_motor.o
    0x08003e80   0x08003e80   0x0000017c   Code   RO         5585    i._ZN3pid7pid_runEf  bsp_motor.o
    0x08003ffc   0x08003ffc   0x00000050   Code   RO         5587    i._ZN3pidC1Efffffttt  bsp_motor.o
    0x0800404c   0x0800404c   0x0000001a   Code   RO          796    i._ZN41_INTERNAL_19_stm32f4xx_hal_adc_c_52ef8f5012ADC_DMAErrorEP19__DMA_HandleTypeDef  stm32f4xx_hal_adc.o
    0x08004066   0x08004066   0x0000007e   Code   RO          797    i._ZN41_INTERNAL_19_stm32f4xx_hal_adc_c_52ef8f5015ADC_DMAConvCpltEP19__DMA_HandleTypeDef  stm32f4xx_hal_adc.o
    0x080040e4   0x080040e4   0x0000000e   Code   RO          798    i._ZN41_INTERNAL_19_stm32f4xx_hal_adc_c_52ef8f5019ADC_DMAHalfConvCpltEP19__DMA_HandleTypeDef  stm32f4xx_hal_adc.o
    0x080040f2   0x080040f2   0x00000002   PAD
    0x080040f4   0x080040f4   0x00000160   Code   RO          799    i._ZN41_INTERNAL_19_stm32f4xx_hal_adc_c_52ef8f508ADC_InitEP17ADC_HandleTypeDef  stm32f4xx_hal_adc.o
    0x08004254   0x08004254   0x0000002c   Code   RO         3410    i._ZN41_INTERNAL_19_stm32f4xx_hal_dma_c_c25f65ec13DMA_SetConfigEP19__DMA_HandleTypeDefjjj  stm32f4xx_hal_dma.o
    0x08004280   0x08004280   0x000000aa   Code   RO         3411    i._ZN41_INTERNAL_19_stm32f4xx_hal_dma_c_c25f65ec18DMA_CheckFifoParamEP19__DMA_HandleTypeDef  stm32f4xx_hal_dma.o
    0x0800432a   0x0800432a   0x00000002   PAD
    0x0800432c   0x0800432c   0x00000034   Code   RO         3412    i._ZN41_INTERNAL_19_stm32f4xx_hal_dma_c_c25f65ec23DMA_CalcBaseAndBitshiftEP19__DMA_HandleTypeDef  stm32f4xx_hal_dma.o
    0x08004360   0x08004360   0x00000070   Code   RO         1837    i._ZN41_INTERNAL_19_stm32f4xx_hal_tim_c_a9d95b5217TIM_OC1_SetConfigEP11TIM_TypeDefP18TIM_OC_InitTypeDef  stm32f4xx_hal_tim.o
    0x080043d0   0x080043d0   0x00000078   Code   RO         1838    i._ZN41_INTERNAL_19_stm32f4xx_hal_tim_c_a9d95b5217TIM_OC3_SetConfigEP11TIM_TypeDefP18TIM_OC_InitTypeDef  stm32f4xx_hal_tim.o
    0x08004448   0x08004448   0x00000054   Code   RO         1839    i._ZN41_INTERNAL_19_stm32f4xx_hal_tim_c_a9d95b5217TIM_OC4_SetConfigEP11TIM_TypeDefP18TIM_OC_InitTypeDef  stm32f4xx_hal_tim.o
    0x0800449c   0x0800449c   0x00000028   Code   RO         3734    i._ZN44_INTERNAL_22_stm32f4xx_hal_cortex_c_2992dbc018__NVIC_SetPriorityE9IRQn_Typej  stm32f4xx_hal_cortex.o
    0x080044c4   0x080044c4   0x00000010   Code   RO         3735    i._ZN44_INTERNAL_22_stm32f4xx_hal_cortex_c_2992dbc026__NVIC_GetPriorityGroupingEv  stm32f4xx_hal_cortex.o
    0x080044d4   0x080044d4   0x00000038   Code   RO         5605    i._ZN5motor12Position_RunEv  bsp_motor.o
    0x0800450c   0x0800450c   0x00000048   Code   RO         5606    i._ZN5motor13InsertCurrentEv  bsp_motor.o
    0x08004554   0x08004554   0x0000005c   Code   RO         5607    i._ZN5motor6HandleEv  bsp_motor.o
    0x080045b0   0x080045b0   0x00000078   Code   RO         5608    i._ZN5motor6updateEPh  bsp_motor.o
    0x08004628   0x08004628   0x0000001e   Code   RO         5609    i._ZN5motor8Safe_SetEv  bsp_motor.o
    0x08004646   0x08004646   0x00000002   PAD
    0x08004648   0x08004648   0x0000009c   Code   RO         5611    i._ZN5motor9Speed_RunEv  bsp_motor.o
    0x080046e4   0x080046e4   0x00000068   Code   RO         5613    i._ZN5motorC1EhtP11str_Motor_tP3pidS3_  bsp_motor.o
    0x0800474c   0x0800474c   0x0000016c   Code   RO         5617    i._ZN7chassis6HandleEv  bsp_motor.o
    0x080048b8   0x080048b8   0x00000002   Code   RO         5621    i._ZN7manager11UserProcessEv  bsp_motor.o
    0x080048ba   0x080048ba   0x00000002   PAD
    0x080048bc   0x080048bc   0x000001e0   Code   RO         5622    i._ZN7manager7CANSendEv  bsp_motor.o
    0x08004a9c   0x08004a9c   0x00000014   Code   RO         5623    i._ZN7manager9CANSelectEP19__CAN_HandleTypeDefS1_  bsp_motor.o
    0x08004ab0   0x08004ab0   0x00000090   Code   RO         5624    i._ZN7manager9CANUpdateEP19__CAN_HandleTypeDefP19CAN_RxHeaderTypeDefPh  bsp_motor.o
    0x08004b40   0x08004b40   0x00000010   Code   RO         5976    i._ZN7managerC2Ev   bsp_motor.o
    0x08004b50   0x08004b50   0x0000004c   Code   RO         5629    i._ZN9softmotor12Enable_BlockEttt  bsp_motor.o
    0x08004b9c   0x08004b9c   0x00000072   Code   RO         5630    i._ZN9softmotor12Position_RunEv  bsp_motor.o
    0x08004c0e   0x08004c0e   0x0000000a   Code   RO         5631    i._ZN9softmotor5LimitEff  bsp_motor.o
    0x08004c18   0x08004c18   0x00000124   Code   RO         5632    i._ZN9softmotor6updateEPh  bsp_motor.o
    0x08004d3c   0x08004d3c   0x00000084   Code   RO         5633    i._ZN9softmotor9Angle_SetEf  bsp_motor.o
    0x08004dc0   0x08004dc0   0x00000028   Code   RO         6474    i._Znwj             cpprt_w.l(new.o)
    0x08004de8   0x08004de8   0x00000030   Code   RO         6835    i.__ARM_fpclassify  m_wm.l(fpclassify.o)
    0x08004e18   0x08004e18   0x00000006   Code   RO         6478    i.__cxa_pure_virtual  cpprt_w.l(pure_virt.o)
    0x08004e1e   0x08004e1e   0x00000002   PAD
    0x08004e20   0x08004e20   0x00000c50   Code   RO         6635    i.__hardfp_pow      m_wm.l(pow.o)
    0x08005a70   0x08005a70   0x000000f8   Code   RO         6853    i.__kernel_poly     m_wm.l(poly.o)
    0x08005b68   0x08005b68   0x00000030   Code   RO         6815    i.__mathlib_dbl_divzero  m_wm.l(dunder.o)
    0x08005b98   0x08005b98   0x00000014   Code   RO         6817    i.__mathlib_dbl_infnan2  m_wm.l(dunder.o)
    0x08005bac   0x08005bac   0x00000004   PAD
    0x08005bb0   0x08005bb0   0x00000020   Code   RO         6818    i.__mathlib_dbl_invalid  m_wm.l(dunder.o)
    0x08005bd0   0x08005bd0   0x00000020   Code   RO         6819    i.__mathlib_dbl_overflow  m_wm.l(dunder.o)
    0x08005bf0   0x08005bf0   0x00000020   Code   RO         6821    i.__mathlib_dbl_underflow  m_wm.l(dunder.o)
    0x08005c10   0x08005c10   0x000000cc   Code   RO         6353    i.__sti___11_app_car_cpp_3e5939a9  app_car.o
    0x08005cdc   0x08005cdc   0x00000018   Code   RO         6831    i.fabs              m_wm.l(fabs.o)
    0x08005cf4   0x08005cf4   0x00000034   Code   RO           16    i.main              main.o
    0x08005d28   0x08005d28   0x0000000e   Code   RO         5003    i.makeFreeRtosPriority  cmsis_os.o
    0x08005d36   0x08005d36   0x00000018   Code   RO         5005    i.osDelay           cmsis_os.o
    0x08005d4e   0x08005d4e   0x0000000a   Code   RO         5008    i.osKernelStart     cmsis_os.o
    0x08005d58   0x08005d58   0x00000030   Code   RO         5042    i.osThreadCreate    cmsis_os.o
    0x08005d88   0x08005d88   0x00000098   Code   RO         4689    i.prvAddCurrentTaskToDelayedList  tasks.o
    0x08005e20   0x08005e20   0x000000b4   Code   RO         4690    i.prvAddNewTaskToReadyList  tasks.o
    0x08005ed4   0x08005ed4   0x00000048   Code   RO         4691    i.prvCheckTasksWaitingTermination  tasks.o
    0x08005f1c   0x08005f1c   0x00000012   Code   RO         4692    i.prvDeleteTCB      tasks.o
    0x08005f2e   0x08005f2e   0x00000002   PAD
    0x08005f30   0x08005f30   0x0000007c   Code   RO         5373    i.prvHeapInit       heap_4.o
    0x08005fac   0x08005fac   0x00000028   Code   RO         4693    i.prvIdleTask       tasks.o
    0x08005fd4   0x08005fd4   0x000000aa   Code   RO         4694    i.prvInitialiseNewTask  tasks.o
    0x0800607e   0x0800607e   0x00000002   PAD
    0x08006080   0x08006080   0x00000068   Code   RO         4695    i.prvInitialiseTaskLists  tasks.o
    0x080060e8   0x080060e8   0x00000068   Code   RO         5374    i.prvInsertBlockIntoFreeList  heap_4.o
    0x08006150   0x08006150   0x00000034   Code   RO         4696    i.prvResetNextTaskUnblockTime  tasks.o
    0x08006184   0x08006184   0x00000040   Code   RO         5436    i.prvTaskExitError  port.o
    0x080061c4   0x080061c4   0x0000013c   Code   RO         5375    i.pvPortMalloc      heap_4.o
    0x08006300   0x08006300   0x0000002c   Code   RO         5437    i.pxPortInitialiseStack  port.o
    0x0800632c   0x0800632c   0x0000006e   Code   RO         6858    i.sqrt              m_wm.l(sqrt.o)
    0x0800639a   0x0800639a   0x00000028   Code   RO         4339    i.uxListRemove      list.o
    0x080063c2   0x080063c2   0x0000001a   Code   RO         4340    i.vListInitialise   list.o
    0x080063dc   0x080063dc   0x00000006   Code   RO         4341    i.vListInitialiseItem  list.o
    0x080063e2   0x080063e2   0x00000034   Code   RO         4342    i.vListInsert       list.o
    0x08006416   0x08006416   0x00000018   Code   RO         4343    i.vListInsertEnd    list.o
    0x0800642e   0x0800642e   0x00000002   PAD
    0x08006430   0x08006430   0x00000054   Code   RO         5439    i.vPortEnterCritical  port.o
    0x08006484   0x08006484   0x0000003c   Code   RO         5440    i.vPortExitCritical  port.o
    0x080064c0   0x080064c0   0x00000094   Code   RO         5376    i.vPortFree         heap_4.o
    0x08006554   0x08006554   0x00000028   Code   RO         5441    i.vPortSetupTimerInterrupt  port.o
    0x0800657c   0x0800657c   0x0000005c   Code   RO         4704    i.vTaskDelay        tasks.o
    0x080065d8   0x080065d8   0x000000d4   Code   RO         4705    i.vTaskDelayUntil   tasks.o
    0x080066ac   0x080066ac   0x00000088   Code   RO         4718    i.vTaskStartScheduler  tasks.o
    0x08006734   0x08006734   0x00000010   Code   RO         4720    i.vTaskSuspendAll   tasks.o
    0x08006744   0x08006744   0x0000008c   Code   RO         4721    i.vTaskSwitchContext  tasks.o
    0x080067d0   0x080067d0   0x00000168   Code   RO         5443    i.xPortStartScheduler  port.o
    0x08006938   0x08006938   0x00000060   Code   RO         4723    i.xTaskCreate       tasks.o
    0x08006998   0x08006998   0x0000000c   Code   RO         4728    i.xTaskGetTickCount  tasks.o
    0x080069a4   0x080069a4   0x00000148   Code   RO         4730    i.xTaskIncrementTick  tasks.o
    0x08006aec   0x08006aec   0x00000104   Code   RO         4736    i.xTaskResumeAll    tasks.o
    0x08006bf0   0x08006bf0   0x00000018   Code   RO         6798    x$fpl$basic         fz_wm.l(basic.o)
    0x08006c08   0x08006c08   0x00000062   Code   RO         6587    x$fpl$d2f           fz_wm.l(d2f.o)
    0x08006c6a   0x08006c6a   0x00000002   PAD
    0x08006c6c   0x08006c6c   0x00000150   Code   RO         6589    x$fpl$dadd          fz_wm.l(daddsub_clz.o)
    0x08006dbc   0x08006dbc   0x00000010   Code   RO         6968    x$fpl$dcheck1       fz_wm.l(dcheck1.o)
    0x08006dcc   0x08006dcc   0x00000018   Code   RO         7037    x$fpl$dcmpinf       fz_wm.l(dcmpi.o)
    0x08006de4   0x08006de4   0x000002b0   Code   RO         6596    x$fpl$ddiv          fz_wm.l(ddiv.o)
    0x08007094   0x08007094   0x0000002e   Code   RO         6600    x$fpl$dflt          fz_wm.l(dflt_clz.o)
    0x080070c2   0x080070c2   0x00000026   Code   RO         6599    x$fpl$dfltu         fz_wm.l(dflt_clz.o)
    0x080070e8   0x080070e8   0x00000078   Code   RO         6970    x$fpl$dleqf         fz_wm.l(dleqf.o)
    0x08007160   0x08007160   0x00000154   Code   RO         6605    x$fpl$dmul          fz_wm.l(dmul.o)
    0x080072b4   0x080072b4   0x0000009c   Code   RO         6800    x$fpl$dnaninf       fz_wm.l(dnaninf.o)
    0x08007350   0x08007350   0x0000000c   Code   RO         6802    x$fpl$dretinf       fz_wm.l(dretinf.o)
    0x0800735c   0x0800735c   0x0000006c   Code   RO         6804    x$fpl$drleqf        fz_wm.l(drleqf.o)
    0x080073c8   0x080073c8   0x00000016   Code   RO         6590    x$fpl$drsb          fz_wm.l(daddsub_clz.o)
    0x080073de   0x080073de   0x00000002   PAD
    0x080073e0   0x080073e0   0x00000198   Code   RO         6972    x$fpl$dsqrt         fz_wm.l(dsqrt_umaal.o)
    0x08007578   0x08007578   0x000001d4   Code   RO         6591    x$fpl$dsub          fz_wm.l(daddsub_clz.o)
    0x0800774c   0x0800774c   0x00000056   Code   RO         6607    x$fpl$f2d           fz_wm.l(f2d.o)
    0x080077a2   0x080077a2   0x0000008c   Code   RO         6806    x$fpl$fnaninf       fz_wm.l(fnaninf.o)
    0x0800782e   0x0800782e   0x0000000a   Code   RO         6974    x$fpl$fpinit        fz_wm.l(fpinit.o)
    0x08007838   0x08007838   0x0000000a   Code   RO         6808    x$fpl$fretinf       fz_wm.l(fretinf.o)
    0x08007842   0x08007842   0x00000064   Code   RO         7039    x$fpl$retnan        fz_wm.l(retnan.o)
    0x080078a6   0x080078a6   0x0000005c   Code   RO         6812    x$fpl$scalbn        fz_wm.l(scalbn.o)
    0x08007902   0x08007902   0x00000030   Code   RO         7062    x$fpl$trapveneer    fz_wm.l(trapv.o)
    0x08007932   0x08007932   0x00000000   Code   RO         6814    x$fpl$usenofp       fz_wm.l(usenofp.o)
    0x08007932   0x08007932   0x00000002   PAD
    0x08007934   0x08007934   0x00000014   Data   RO          448    .constdata          freertos.o
    0x08007948   0x08007948   0x00000008   Data   RO         3428    .constdata          stm32f4xx_hal_dma.o
    0x08007950   0x08007950   0x00000018   Data   RO         4171    .constdata          system_stm32f4xx.o
    0x08007968   0x08007968   0x00000014   Data   RO         6275    .constdata          task_main.o
    0x0800797c   0x0800797c   0x00000004   PAD
    0x08007980   0x08007980   0x00000088   Data   RO         6638    .constdata          m_wm.l(pow.o)
    0x08007a08   0x08007a08   0x00000008   Data   RO         6855    .constdata          m_wm.l(qnan.o)
    0x08007a10   0x08007a10   0x00000024   Data   RO         5957    .constdata__ZTV5motor  bsp_motor.o
    0x08007a34   0x08007a34   0x00000014   Data   RO         5980    .constdata__ZTV7manager  bsp_motor.o
    0x08007a48   0x08007a48   0x00000024   Data   RO         5959    .constdata__ZTV9softmotor  bsp_motor.o
    0x08007a6c   0x08007a6c   0x0000000c   Data   RO          449    .conststring        freertos.o
    0x08007a78   0x08007a78   0x00000011   Data   RO         6276    .conststring        task_main.o
    0x08007a89   0x08007a89   0x00000003   PAD
    0x08007a8c   0x08007a8c   0x00000020   Data   RO         7106    Region$$Table       anon$$obj.o
    0x08007aac   0x08007aac   0x00000004   Data   RO         6360    .init_array         app_car.o
    0x08007ab0   0x08007aac   0x00000000   Data   RO         6469    .init_array         c_w.l(init_aeabi.o)


    Execution Region RW_IRAM1 (Exec base: 0x20000000, Load base: 0x08007ab0, Size: 0x00004f18, Max: 0x00020000, ABSOLUTE)

    Exec Addr    Load Addr    Size         Type   Attr      Idx    E Section Name        Object

    0x20000000   0x08007ab0   0x00000004   Data   RW          375    .data               can.o
    0x20000004   0x08007ab4   0x00000004   Data   RW          450    .data               freertos.o
    0x20000008   0x08007ab8   0x00000009   Data   RW         3930    .data               stm32f4xx_hal.o
    0x20000011   0x08007ac1   0x00000003   PAD
    0x20000014   0x08007ac4   0x00000004   Data   RW         4172    .data               system_stm32f4xx.o
    0x20000018   0x08007ac8   0x0000003c   Data   RW         4739    .data               tasks.o
    0x20000054   0x08007b04   0x00000018   Data   RW         5381    .data               heap_4.o
    0x2000006c   0x08007b1c   0x0000000c   Data   RW         5444    .data               port.o
    0x20000078   0x08007b28   0x00000014   Data   RW         5523    .data               bsp_adc_deal.o
    0x2000008c   0x08007b3c   0x00000014   Data   RW         5693    .data               bsp_motor.o
    0x200000a0   0x08007b50   0x00000004   Data   RW         6134    .data               task_auto.o
    0x200000a4   0x08007b54   0x00000004   Data   RW         6277    .data               task_main.o
    0x200000a8   0x08007b58   0x00000026   Data   RW         6359    .data               app_car.o
    0x200000ce   0x08007b7e   0x00000010   Data   RW         6419    .data               app_my_can.o
    0x200000de   0x08007b8e   0x00000002   PAD
    0x200000e0        -       0x000000a8   Zero   RW          327    .bss                adc.o
    0x20000188        -       0x00000050   Zero   RW          374    .bss                can.o
    0x200001d8        -       0x00000058   Zero   RW          495    .bss                spi.o
    0x20000230        -       0x00000080   Zero   RW          544    .bss                tim.o
    0x200002b0        -       0x00000040   Zero   RW          738    .bss                stm32f4xx_hal_timebase_tim.o
    0x200002f0        -       0x000000f0   Zero   RW         4738    .bss                tasks.o
    0x200003e0        -       0x00003c00   Zero   RW         5380    .bss                heap_4.o
    0x20003fe0        -       0x00000710   Zero   RW         5522    .bss                bsp_adc_deal.o
    0x200046f0        -       0x00000086   Zero   RW         5692    .bss                bsp_motor.o
    0x20004776   0x08007b8e   0x00000002   PAD
    0x20004778        -       0x00000124   Zero   RW         6358    .bss                app_car.o
    0x2000489c        -       0x0000001c   Zero   RW         6418    .bss                app_my_can.o
    0x200048b8        -       0x00000060   Zero   RW         6869    .bss                c_w.l(libspace.o)
    0x20004918        -       0x00000200   Zero   RW            2    HEAP                startup_stm32f405xx.o
    0x20004b18        -       0x00000400   Zero   RW            1    STACK               startup_stm32f405xx.o


==============================================================================

Image component sizes


      Code (inc. data)   RO Data    RW Data    ZI Data      Debug   Object Name

       376         32          0          0        168       1755   adc.o
      1352        146          4         38        292      10189   app_car.o
       144         20          0         16         28       2423   app_my_can.o
       676         80          0         20       1808       4020   bsp_adc_deal.o
       206         10          0          0          0       2321   bsp_can.o
      2948        174         92         20        134     547305   bsp_motor.o
       500         44          0          4         80       2302   can.o
        96          0          0          0          0      14199   cmsis_os.o
         0          0          0          0          0      11828   croutine.o
        56          4          0          0          0        718   dma.o
         0          0          0          0          0      11868   event_groups.o
        40         10         32          4          0       1147   freertos.o
       316         20          0          0          0     652903   gpio.o
       692         62          0         24      15360       7159   heap_4.o
       148          0          0          0          0       3422   list.o
       258         16          0          0          0     646560   main.o
       894         78          0         12          0      10876   port.o
         0          0          0          0          0       2232   queue.o
       204         24          0          0         88       1557   spi.o
        64         26        392          0       1536        820   startup_stm32f405xx.o
        96         20          0          9          0       3150   stm32f4xx_hal.o
      1410         64          0          0          0       6582   stm32f4xx_hal_adc.o
      2136          6          0          0          0      13899   stm32f4xx_hal_can.o
       252         22          0          0          0      33542   stm32f4xx_hal_cortex.o
      1236         16          8          0          0       5427   stm32f4xx_hal_dma.o
       568         50          0          0          0       3530   stm32f4xx_hal_gpio.o
        84          6          0          0          0        810   stm32f4xx_hal_msp.o
      1768         84          0          0          0       5466   stm32f4xx_hal_rcc.o
       140          0          0          0          0       1103   stm32f4xx_hal_spi.o
      1482         82          0          0          0      10513   stm32f4xx_hal_tim.o
        88          0          0          0          0       2373   stm32f4xx_hal_tim_ex.o
       140         18          0          0         64       1404   stm32f4xx_hal_timebase_tim.o
       112         24          0          0          0       4970   stm32f4xx_it.o
       100         18         24          4          0       1111   system_stm32f4xx.o
       392         30          0          4          0       5934   task_auto.o
        92         22         37          4          0      12991   task_main.o
      2080        286          0         60        240      17075   tasks.o
       524         32          0          0        128       2952   tim.o

    ----------------------------------------------------------------------
     21702       1526        628        224      19928    2068436   Object Totals
         0          0         32          0          0          0   (incl. Generated)
        32          0          7          5          2          0   (incl. Padding)

    ----------------------------------------------------------------------

      Code (inc. data)   RO Data    RW Data    ZI Data      Debug   Library Member Name

         8          0          0          0          0         68   __main.o
         0          0          0          0          0          0   __rtentry.o
        12          0          0          0          0          0   __rtentry2.o
         6          0          0          0          0          0   __rtentry4.o
        52          8          0          0          0          0   __scatter.o
        26          0          0          0          0          0   __scatter_copy.o
        28          0          0          0          0          0   __scatter_zi.o
        22          0          0          0          0        100   _rserrno.o
        22          0          0          0          0         80   abort.o
        48         34          0          0          0         76   defsig_abrt_inner.o
        14          0          0          0          0         80   defsig_abrt_outer.o
        10          0          0          0          0         68   defsig_exit.o
        50          0          0          0          0         88   defsig_general.o
        48         34          0          0          0         76   defsig_pvfn_inner.o
        14          0          0          0          0         80   defsig_pvfn_outer.o
        80         58          0          0          0         76   defsig_rtmem_inner.o
        14          0          0          0          0         80   defsig_rtmem_outer.o
        18          0          0          0          0         80   exit.o
        94          0          0          0          0         80   h1_alloc.o
        52          0          0          0          0         68   h1_extend.o
        78          0          0          0          0         80   h1_free.o
        14          0          0          0          0         84   h1_init.o
         6          0          0          0          0        152   heapauxi.o
         4          0          0          0          0        136   hguard.o
         0          0          0          0          0          0   indicate_semi.o
        36         10          0          0          0         80   init_aeabi.o
       138          0          0          0          0        168   init_alloc.o
         2          0          0          0          0          0   libinit.o
        18          0          0          0          0          0   libinit2.o
         2          0          0          0          0          0   libshutdown.o
         2          0          0          0          0          0   libshutdown2.o
         8          4          0          0         96         68   libspace.o
       238          0          0          0          0        100   lludivv7m.o
         0          0          0          0          0          0   maybetermalloc1.o
         8          4          0          0          0         68   rt_eh_globals_addr_intlibspace.o
         8          4          0          0          0         68   rt_errno_addr_intlibspace.o
         8          4          0          0          0         68   rt_heap_descriptor_intlibspace.o
        68          0          0          0          0         68   rt_memclr.o
        78          0          0          0          0         80   rt_memclr_w.o
       100          0          0          0          0         80   rt_memcpy_w.o
         8          4          0          0          0         68   rt_new_handler_addr_intlibspace.o
         2          0          0          0          0          0   rtexit.o
        10          0          0          0          0          0   rtexit2.o
        12          4          0          0          0         68   sys_exit.o
        74          0          0          0          0         80   sys_stackheap_outer.o
        14          0          0          0          0         76   sys_wrch.o
         2          0          0          0          0         68   use_no_semi.o
        80         12          0          0          0        104   arm_exceptions_globs.o
        60          0          0          0          0        108   arm_exceptions_mem.o
        26          0          0          0          0         76   arm_exceptions_terminate.o
         4          0          0          0          0         68   arm_newhandler_noexceptions.o
        40          6          0          0          0         76   new.o
         6          0          0          0          0         68   pure_virt.o
        24          0          0          0          0        164   basic.o
        98          4          0          0          0        140   d2f.o
       826         16          0          0          0        492   daddsub_clz.o
        16          4          0          0          0        116   dcheck1.o
        24          0          0          0          0        116   dcmpi.o
       688        140          0          0          0        256   ddiv.o
        84          0          0          0          0        232   dflt_clz.o
       120          4          0          0          0        140   dleqf.o
       340         12          0          0          0        152   dmul.o
       156          4          0          0          0        140   dnaninf.o
        12          0          0          0          0        116   dretinf.o
       108          0          0          0          0        128   drleqf.o
       408         56          0          0          0        168   dsqrt_umaal.o
        86          4          0          0          0        132   f2d.o
       140          4          0          0          0        132   fnaninf.o
        10          0          0          0          0        116   fpinit.o
        10          0          0          0          0        116   fretinf.o
       100          0          0          0          0        116   retnan.o
        92          0          0          0          0        116   scalbn.o
        48          0          0          0          0        116   trapv.o
         0          0          0          0          0          0   usenofp.o
       164         44          0          0          0        620   dunder.o
        24          0          0          0          0        124   fabs.o
        48          0          0          0          0        124   fpclassify.o
       248          0          0          0          0        152   poly.o
      3152        296        136          0          0        352   pow.o
         0          0          8          0          0          0   qnan.o
       110          0          0          0          0        148   sqrt.o

    ----------------------------------------------------------------------
      8934        774        144          0         96       7984   Library Totals
        26          0          0          0          0          0   (incl. Padding)

    ----------------------------------------------------------------------

      Code (inc. data)   RO Data    RW Data    ZI Data      Debug   Library Name

      1556        168          0          0         96       2760   c_w.l
       216         18          0          0          0        500   cpprt_w.l
      3390        248          0          0          0       3204   fz_wm.l
      3746        340        144          0          0       1520   m_wm.l

    ----------------------------------------------------------------------
      8934        774        144          0         96       7984   Library Totals

    ----------------------------------------------------------------------

==============================================================================


      Code (inc. data)   RO Data    RW Data    ZI Data      Debug   

     30636       2300        772        224      20024    2054048   Grand Totals
     30636       2300        772        224      20024    2054048   ELF Image Totals
     30636       2300        772        224          0          0   ROM Totals

==============================================================================

    Total RO  Size (Code + RO Data)                31408 (  30.67kB)
    Total RW  Size (RW Data + ZI Data)             20248 (  19.77kB)
    Total ROM Size (Code + RO Data + RW Data)      31632 (  30.89kB)

==============================================================================

